W0918 07:48:08.416000 7480 torch/utils/_pytree.py:630] <enum 'KernelPreference'> is an Enum subclass and is now natively supported by torch.compile as an opaque value type. Calling register_constant() on Enum subclasses is deprecated and will be an error in a future release.
{"log": "CPU intra-op threads=128 (previous=128, TORCH_NUM_THREADS=0; 0 preserves native selection)"}
{"log": "torch=2.13.0+cu132 cuda=13.2 device=NVIDIA RTX PRO 6000 Blackwell Server Edition cap=(12, 0)"}
W0918 07:48:10.497000 7480 torch/utils/_pytree.py:630] <enum 'ScaleCalculationMode'> is an Enum subclass and is now natively supported by torch.compile as an opaque value type. Calling register_constant() on Enum subclasses is deprecated and will be an error in a future release.
Unable to import `torchao` Tensor objects. This may affect loading checkpoints serialized with `torchao`
{"status": "phase", "stage": "loading_weights", "repo": "black-forest-labs/FLUX.2-klein-4B", "est_seconds": 140}
{"log": "loading black-forest-labs/FLUX.2-klein-4B..."}
Couldn't connect to the Hub: Cannot reach https://huggingface.co/api/models/black-forest-labs/FLUX.2-klein-4B: offline mode is enabled. To disable it, please unset the `HF_HUB_OFFLINE` environment variable..
Will try to load from local cache.
Loading pipeline components...:   0%|          | 0/5 [00:00<?, ?it/s]
Loading weights:   0%|          | 0/398 [00:00<?, ?it/s][ALoading weights: 100%|██████████| 398/398 [00:00<00:00, 13548.79it/s]
Loading pipeline components...:  80%|████████  | 4/5 [00:00<00:00, 35.86it/s]Loading pipeline components...: 100%|██████████| 5/5 [00:00<00:00,  9.73it/s]
/workspace/envs/klein-torch213-cu132/lib/python3.12/site-packages/huggingface_hub/utils/_validators.py:205: UserWarning: The `local_dir_use_symlinks` argument is deprecated and ignored in `hf_hub_download`. Downloading to a local directory does not use symlinks anymore.
  warnings.warn(
{"log": "loaded in 2.7s, vram=15.98GB"}
{"status": "phase", "stage": "loaded", "elapsed_ms": 2676, "vram_gb": 15.98}
{"status": "phase", "stage": "applying_fp8", "est_seconds": 1}
{"log": "applying TorchAO Float8DynamicActivationFloat8WeightConfig (PerTensor) on transformer..."}
{"log": "fp8 applied to transformer in 0.3s, vram=12.30GB"}
{"log": "fp8 applied to VAE linears in 0.0s, vram=12.30GB"}
{"status": "phase", "stage": "registering_compile_stubs", "est_seconds": 1}
{"log": "compiling transformer + vae.encoder + vae.decoder (mode=reduce-overhead)..."}
{"log": "compile stubs registered in 0.8s (actual JIT happens on first call per (height, width, steps) shape; with fp8 expect ~80-160 s extra warmup at the first new resolution)"}
{"log": "terminal_noop=enabled; audited helper, pipeline and scheduler source guards passed"}
{"log": "gpu_output_cast=enabled; measured helper and pinned image-conversion source guards passed"}
{"log": "encoding prompt (len=64 chars, max_seq=64) [cache: 0/32, hits=0 misses=1]"}
{"log": "prompt encoded in 516ms shape=(1, 64, 7680) [cached 1/32]"}
/workspace/envs/klein-torch213-cu132/lib/python3.12/site-packages/torch/_functorch/_aot_autograd/autograd_cache.py:675: UserWarning: Float8Tensor does not implement _stable_hash_for_caching. For PT2-compatible tensor subclasses, it is recommended to implement _stable_hash_for_caching(self) -> str for stable AOT autograd caching.
  warn_once(
/usr/local/lib/python3.12/dist-packages/diffusers/schedulers/scheduling_flow_match_euler_discrete.py:649: RuntimeWarning: divide by zero encountered in divide
  return math.exp(mu) / (math.exp(mu) + (1 / t - 1) ** sigma)
/workspace/envs/klein-torch213-cu132/lib/python3.12/site-packages/torch/_dynamo/variables/functions.py:2590: UserWarning: Dynamo detected a call to a `functools.lru_cache`-wrapped function at 'upsampling.py:156'. Dynamo ignores the cache wrapper and directly traces the wrapped function. Silent incorrectness is only a *potential* risk, not something we have observed. Enable TORCH_LOGS=+dynamo for a DEBUG stack trace.

This call originates from:
  File "/usr/local/lib/python3.12/dist-packages/diffusers/models/upsampling.py", line 156, in forward
    if dtype == torch.bfloat16 and is_torch_version("<", "2.1"):
                                   ^^^^^^^^^^^^^^^^^^^^^^^^^^^^^

  torch._dynamo.utils.warn_once(msg)
/workspace/envs/klein-torch213-cu132/lib/python3.12/site-packages/torch/_dynamo/variables/functions.py:2590: UserWarning: Dynamo detected a call to a `functools.lru_cache`-wrapped function at 'upsampling.py:180'. Dynamo ignores the cache wrapper and directly traces the wrapped function. Silent incorrectness is only a *potential* risk, not something we have observed. Enable TORCH_LOGS=+dynamo for a DEBUG stack trace.

This call originates from:
  File "/usr/local/lib/python3.12/dist-packages/diffusers/models/upsampling.py", line 180, in forward
    if dtype == torch.bfloat16 and is_torch_version("<", "2.1"):
                                   ^^^^^^^^^^^^^^^^^^^^^^^^^^^^^

  torch._dynamo.utils.warn_once(msg)
USDT:2026-09-18 07:48:20 7480:7480 SyncActivityProfilerHandler.cpp:52] profiler_start
USDT:2026-09-18 07:48:20 7480:7480 SyncActivityProfilerHandler.cpp:59] profiler_stop
{"phase": "unresolved-native-trace", "layer": "transformer_blocks.2.ff.linear_in", "resolution": [512, 288], "kernel_names": ["kernel_cutlass_kernel_flashinfergemmkernelsdense_blockscaled_gemm_sm120_b12xDenseGemmKernel_object_at__CopyAtom_ThrID10_TVLayoutSrc11638401_TVLayoutDst11638401_Valuetypef4E2M1FN_tensor00o_0", "void at::native::reduce_kernel<512, 1, at::native::ReduceOp<float, at::native::func_wrapper_t<float, at::native::MaxNanFunctor<float> >, unsigned int, float, 4, 4> >(at::native::ReduceOp<float, at::native::func_wrapper_t<float, at::native::MaxNanFunctor<float> >, unsigned int, float, 4, 4>)", "void at::native::unrolled_elementwise_kernel<at::native::direct_copy_kernel_cuda(at::TensorIteratorBase&)::{lambda()#3}::operator()() const::{lambda()#7}::operator()() const::{lambda(float)#1}, std::array<char*, 2ul>, 4, TrivialOffsetCalculator<1, unsigned int>, TrivialOffsetCalculator<1, unsigned int>, at::native::memory::LoadWithCast<1>, at::native::memory::StoreWithCast<1> >(int, at::native::direct_copy_kernel_cuda(at::TensorIteratorBase&)::{lambda()#3}::operator()() const::{lambda()#7}::operator()() const::{lambda(float)#1}, std::array<char*, 2ul>, TrivialOffsetCalculator<1, unsigned int>, TrivialOffsetCalculator<1, unsigned int>, at::native::memory::LoadWithCast<1>, at::native::memory::StoreWithCast<1>)", "void at::native::vectorized_elementwise_kernel<4, at::native::(anonymous namespace)::launch_clamp_scalar(at::TensorIteratorBase&, c10::Scalar, c10::Scalar, at::native::detail::ClampLimits)::{lambda()#1}::operator()() const::{lambda()#7}::operator()() const::{lambda(float)#1}, std::array<char*, 2ul> >(int, at::native::(anonymous namespace)::launch_clamp_scalar(at::TensorIteratorBase&, c10::Scalar, c10::Scalar, at::native::detail::ClampLimits)::{lambda()#1}::operator()() const::{lambda()#7}::operator()() const::{lambda(float)#1}, std::array<char*, 2ul>)", "void at::native::vectorized_elementwise_kernel<4, at::native::AUnaryFunctor<float, float, float, at::native::binary_internal::MulFunctor<float> >, std::array<char*, 2ul> >(int, at::native::AUnaryFunctor<float, float, float, at::native::binary_internal::MulFunctor<float> >, std::array<char*, 2ul>)", "void at::native::vectorized_elementwise_kernel<4, at::native::AbsFunctor<float>, std::array<char*, 2ul> >(int, at::native::AbsFunctor<float>, std::array<char*, 2ul>)", "void at::native::vectorized_elementwise_kernel<4, at::native::BinaryFunctor<float, float, float, at::native::binary_internal::MulFunctor<float> >, std::array<char*, 3ul> >(int, at::native::BinaryFunctor<float, float, float, at::native::binary_internal::MulFunctor<float> >, std::array<char*, 3ul>)", "void at::native::vectorized_elementwise_kernel<4, at::native::reciprocal_kernel_cuda(at::TensorIteratorBase&)::{lambda()#1}::operator()() const::{lambda()#2}::operator()() const::{lambda(float)#1}, std::array<char*, 2ul> >(int, at::native::reciprocal_kernel_cuda(at::TensorIteratorBase&)::{lambda()#1}::operator()() const::{lambda()#2}::operator()() const::{lambda(float)#1}, std::array<char*, 2ul>)", "void tensorrt_llm::kernels::quantize_with_block_size<(tensorrt_llm::BlockScaleQuantizationType)0, __nv_bfloat16, 16, false, false, false, false, std::integral_constant<bool, false> >(int, int, int, int, __nv_bfloat16 const*, float const*, void*, unsigned int*, flashinfer::QuantizationSFLayout)"]}
Traceback (most recent call last):
  File "/workspace/vj0-n05/bench/n05_kernel_probe.py", line 239, in <module>
    main()
  File "/workspace/vj0-n05/bench/n05_kernel_probe.py", line 209, in main
    raise RuntimeError("Native GEMM trace identity needs review; no auto-pass")
RuntimeError: Native GEMM trace identity needs review; no auto-pass
