[worker 0] timing@frame21001: {'queue_wait_ms': 0.023, 'decode_in_ms': 0.22, 'prompt_ms': 0.0, 'vae_encode_ms': 3.84, 'transformer_plus_decode_ms': 17.57, 'stage_clock': 'cuda-events', 'benchmark_variant': 'terminal-noop', 'output_cast': 'gpu', 'torch_threads': 128, 'terminal_skips': 1, 'jpeg_ms': 0.24, 'total_ms': 21.89}
[worker 0] timing@frame21051: {'queue_wait_ms': 0.031, 'decode_in_ms': 0.21, 'prompt_ms': 0.0, 'vae_encode_ms': 3.85, 'transformer_plus_decode_ms': 19.11, 'stage_clock': 'cuda-events', 'benchmark_variant': 'terminal-noop', 'output_cast': 'gpu', 'torch_threads': 128, 'terminal_skips': 1, 'jpeg_ms': 0.23, 'total_ms': 23.42}
[DIAG] t=2380s in=24099 →wk=21086 ←wk=21085 →cl=21085 drop_in=0 drop_out=0 | since: client=0.0s worker=0.0s sent=0.0s | ch=open buf=0 | lag: max=1ms avg=0.4ms | heap=9.2MB rss=46.0MB | gpu0:R pend=1 frames=21085 buf=0
[worker 0] timing@frame21101: {'queue_wait_ms': 0.024, 'decode_in_ms': 0.21, 'prompt_ms': 0.0, 'vae_encode_ms': 3.83, 'transformer_plus_decode_ms': 18.91, 'stage_clock': 'cuda-events', 'benchmark_variant': 'terminal-noop', 'output_cast': 'gpu', 'torch_threads': 128, 'terminal_skips': 1, 'jpeg_ms': 0.23, 'total_ms': 23.2}
[worker 0] timing@frame21151: {'queue_wait_ms': 0.049, 'decode_in_ms': 0.22, 'prompt_ms': 0.0, 'vae_encode_ms': 3.84, 'transformer_plus_decode_ms': 17.58, 'stage_clock': 'cuda-events', 'benchmark_variant': 'terminal-noop', 'output_cast': 'gpu', 'torch_threads': 128, 'terminal_skips': 1, 'jpeg_ms': 0.23, 'total_ms': 21.9}
[DIAG] t=2385s in=24167 →wk=21154 ←wk=21154 →cl=21154 drop_in=0 drop_out=0 | since: client=2.7s worker=2.7s sent=2.7s | ch=open buf=0 | lag: max=1ms avg=0.4ms | heap=8.2MB rss=46.0MB | gpu0:R pend=0 frames=21154 buf=0
POST /webrtc/offer
Offer candidates host=2 srflx=1 relay=0
ICE connection state: closed
[DIAG] Connection state: closed (channel=none buf=0)
[DIAG] DataChannel CLOSED (was open)
ICE connection state: new
[DIAG] Connection state: new (channel=none buf=0)
ICE gathering state: gathering
[DIAG] t=2390s in=24167 →wk=21154 ←wk=21154 →cl=21154 drop_in=0 drop_out=0 | since: client=7.7s worker=7.7s sent=7.7s | ch=closed buf=0 | lag: max=1ms avg=0.4ms | heap=8.5MB rss=46.0MB | gpu0:R pend=0 frames=21154 buf=0
[DIAG] t=2395s in=24167 →wk=21154 ←wk=21154 →cl=21154 drop_in=0 drop_out=0 | since: client=12.7s worker=12.7s sent=12.7s | ch=closed buf=0 | lag: max=1ms avg=0.4ms | heap=8.6MB rss=46.0MB | gpu0:R pend=0 frames=21154 buf=0
Sending SDP answer
ICE gathering state: complete
ICE connection state: connected
[DIAG] Connection state: connected (channel=none buf=0)
DataChannel opened: frames
[worker 0] timing@frame21201: {'queue_wait_ms': 0.026, 'decode_in_ms': 0.2, 'prompt_ms': 0.0, 'vae_encode_ms': 5.03, 'transformer_plus_decode_ms': 18.47, 'stage_clock': 'cuda-events', 'benchmark_variant': 'terminal-noop', 'output_cast': 'gpu', 'torch_threads': 128, 'terminal_skips': 1, 'jpeg_ms': 0.23, 'total_ms': 23.97}
[DIAG] t=2400s in=24236 →wk=21222 ←wk=21221 →cl=21221 drop_in=0 drop_out=0 | since: client=0.0s worker=0.0s sent=0.0s | ch=open buf=0 | lag: max=1ms avg=0.4ms | heap=8.4MB rss=46.0MB | gpu0:R pend=1 frames=21221 buf=0
[worker 0] timing@frame21251: {'queue_wait_ms': 0.024, 'decode_in_ms': 0.21, 'prompt_ms': 0.0, 'vae_encode_ms': 3.82, 'transformer_plus_decode_ms': 29.71, 'stage_clock': 'cuda-events', 'benchmark_variant': 'terminal-noop', 'output_cast': 'gpu', 'torch_threads': 128, 'terminal_skips': 1, 'jpeg_ms': 0.22, 'total_ms': 33.99}
[worker 0] timing@frame21301: {'queue_wait_ms': 0.025, 'decode_in_ms': 0.21, 'prompt_ms': 0.0, 'vae_encode_ms': 3.82, 'transformer_plus_decode_ms': 17.55, 'stage_clock': 'cuda-events', 'benchmark_variant': 'terminal-noop', 'output_cast': 'gpu', 'torch_threads': 128, 'terminal_skips': 1, 'jpeg_ms': 0.26, 'total_ms': 21.86}
[worker 0] timing@frame21351: {'queue_wait_ms': 0.026, 'decode_in_ms': 0.2, 'prompt_ms': 0.0, 'vae_encode_ms': 3.84, 'transformer_plus_decode_ms': 18.97, 'stage_clock': 'cuda-events', 'benchmark_variant': 'terminal-noop', 'output_cast': 'gpu', 'torch_threads': 128, 'terminal_skips': 1, 'jpeg_ms': 0.23, 'total_ms': 23.28}
[DIAG] t=2405s in=24382 →wk=21368 ←wk=21367 →cl=21367 drop_in=0 drop_out=0 | since: client=0.0s worker=0.0s sent=0.0s | ch=open buf=0 | lag: max=3ms avg=0.4ms | heap=8.9MB rss=46.0MB | gpu0:R pend=1 frames=21367 buf=0
[worker 0] timing@frame21401: {'queue_wait_ms': 0.029, 'decode_in_ms': 0.21, 'prompt_ms': 0.0, 'vae_encode_ms': 4.57, 'transformer_plus_decode_ms': 18.9, 'stage_clock': 'cuda-events', 'benchmark_variant': 'terminal-noop', 'output_cast': 'gpu', 'torch_threads': 128, 'terminal_skips': 1, 'jpeg_ms': 0.25, 'total_ms': 23.96}
[worker 0] timing@frame21451: {'queue_wait_ms': 0.025, 'decode_in_ms': 0.21, 'prompt_ms': 0.0, 'vae_encode_ms': 3.8, 'transformer_plus_decode_ms': 17.52, 'stage_clock': 'cuda-events', 'benchmark_variant': 'terminal-noop', 'output_cast': 'gpu', 'torch_threads': 128, 'terminal_skips': 1, 'jpeg_ms': 0.25, 'total_ms': 21.81}
[worker 0] timing@frame21501: {'queue_wait_ms': 0.045, 'decode_in_ms': 0.21, 'prompt_ms': 0.0, 'vae_encode_ms': 3.84, 'transformer_plus_decode_ms': 18.8, 'stage_clock': 'cuda-events', 'benchmark_variant': 'terminal-noop', 'output_cast': 'gpu', 'torch_threads': 128, 'terminal_skips': 1, 'jpeg_ms': 0.24, 'total_ms': 23.12}
[DIAG] t=2410s in=24524 →wk=21510 ←wk=21510 →cl=21510 drop_in=0 drop_out=0 | since: client=0.0s worker=0.0s sent=0.0s | ch=open buf=0 | lag: max=1ms avg=0.4ms | heap=8.4MB rss=46.0MB | gpu0:R pend=0 frames=21510 buf=0
[worker 0] timing@frame21551: {'queue_wait_ms': 0.026, 'decode_in_ms': 0.21, 'prompt_ms': 0.0, 'vae_encode_ms': 3.85, 'transformer_plus_decode_ms': 18.91, 'stage_clock': 'cuda-events', 'benchmark_variant': 'terminal-noop', 'output_cast': 'gpu', 'torch_threads': 128, 'terminal_skips': 1, 'jpeg_ms': 0.22, 'total_ms': 23.23}
[worker 0] timing@frame21601: {'queue_wait_ms': 0.03, 'decode_in_ms': 0.21, 'prompt_ms': 0.0, 'vae_encode_ms': 3.83, 'transformer_plus_decode_ms': 17.59, 'stage_clock': 'cuda-events', 'benchmark_variant': 'terminal-noop', 'output_cast': 'gpu', 'torch_threads': 128, 'terminal_skips': 1, 'jpeg_ms': 0.24, 'total_ms': 21.89}
[worker 0] timing@frame21651: {'queue_wait_ms': 0.028, 'decode_in_ms': 0.21, 'prompt_ms': 0.0, 'vae_encode_ms': 3.86, 'transformer_plus_decode_ms': 18.69, 'stage_clock': 'cuda-events', 'benchmark_variant': 'terminal-noop', 'output_cast': 'gpu', 'torch_threads': 128, 'terminal_skips': 1, 'jpeg_ms': 0.23, 'total_ms': 23.03}
[DIAG] t=2415s in=24673 →wk=21657 ←wk=21656 →cl=21656 drop_in=0 drop_out=0 | since: client=0.0s worker=0.0s sent=0.0s | ch=open buf=0 | lag: max=1ms avg=0.4ms | heap=8.4MB rss=46.0MB | gpu0:R pend=1 frames=21656 buf=0
[worker 0] timing@frame21701: {'queue_wait_ms': 0.03, 'decode_in_ms': 0.21, 'prompt_ms': 0.0, 'vae_encode_ms': 3.8, 'transformer_plus_decode_ms': 18.89, 'stage_clock': 'cuda-events', 'benchmark_variant': 'terminal-noop', 'output_cast': 'gpu', 'torch_threads': 128, 'terminal_skips': 1, 'jpeg_ms': 0.24, 'total_ms': 23.18}
[worker 0] timing@frame21751: {'queue_wait_ms': 0.028, 'decode_in_ms': 0.23, 'prompt_ms': 0.0, 'vae_encode_ms': 3.81, 'transformer_plus_decode_ms': 17.5, 'stage_clock': 'cuda-events', 'benchmark_variant': 'terminal-noop', 'output_cast': 'gpu', 'torch_threads': 128, 'terminal_skips': 1, 'jpeg_ms': 0.23, 'total_ms': 21.8}
[worker 0] timing@frame21801: {'queue_wait_ms': 0.023, 'decode_in_ms': 0.21, 'prompt_ms': 0.0, 'vae_encode_ms': 3.8, 'transformer_plus_decode_ms': 18.6, 'stage_clock': 'cuda-events', 'benchmark_variant': 'terminal-noop', 'output_cast': 'gpu', 'torch_threads': 128, 'terminal_skips': 1, 'jpeg_ms': 0.23, 'total_ms': 22.88}
[DIAG] t=2420s in=24821 →wk=21805 ←wk=21805 →cl=21805 drop_in=0 drop_out=0 | since: client=0.0s worker=0.0s sent=0.0s | ch=open buf=0 | lag: max=1ms avg=0.4ms | heap=8.6MB rss=46.0MB | gpu0:R pend=0 frames=21805 buf=0
[worker 0] timing@frame21851: {'queue_wait_ms': 0.026, 'decode_in_ms': 0.21, 'prompt_ms': 0.0, 'vae_encode_ms': 3.79, 'transformer_plus_decode_ms': 18.81, 'stage_clock': 'cuda-events', 'benchmark_variant': 'terminal-noop', 'output_cast': 'gpu', 'torch_threads': 128, 'terminal_skips': 1, 'jpeg_ms': 0.24, 'total_ms': 23.08}
[worker 0] timing@frame21901: {'queue_wait_ms': 0.026, 'decode_in_ms': 0.22, 'prompt_ms': 0.0, 'vae_encode_ms': 3.87, 'transformer_plus_decode_ms': 17.59, 'stage_clock': 'cuda-events', 'benchmark_variant': 'terminal-noop', 'output_cast': 'gpu', 'torch_threads': 128, 'terminal_skips': 1, 'jpeg_ms': 0.25, 'total_ms': 21.95}
[worker 0] timing@frame21951: {'queue_wait_ms': 0.044, 'decode_in_ms': 0.22, 'prompt_ms': 0.0, 'vae_encode_ms': 3.84, 'transformer_plus_decode_ms': 18.53, 'stage_clock': 'cuda-events', 'benchmark_variant': 'terminal-noop', 'output_cast': 'gpu', 'torch_threads': 128, 'terminal_skips': 1, 'jpeg_ms': 0.23, 'total_ms': 22.85}
[DIAG] t=2425s in=24971 →wk=21955 ←wk=21954 →cl=21954 drop_in=0 drop_out=0 | since: client=0.0s worker=0.0s sent=0.0s | ch=open buf=0 | lag: max=1ms avg=0.4ms | heap=8.7MB rss=46.0MB | gpu0:R pend=1 frames=21954 buf=0
[worker 0] timing@frame22001: {'queue_wait_ms': 0.038, 'decode_in_ms': 0.22, 'prompt_ms': 0.0, 'vae_encode_ms': 3.79, 'transformer_plus_decode_ms': 18.9, 'stage_clock': 'cuda-events', 'benchmark_variant': 'terminal-noop', 'output_cast': 'gpu', 'torch_threads': 128, 'terminal_skips': 1, 'jpeg_ms': 0.23, 'total_ms': 23.17}
[worker 0] timing@frame22051: {'queue_wait_ms': 0.026, 'decode_in_ms': 0.21, 'prompt_ms': 0.0, 'vae_encode_ms': 3.79, 'transformer_plus_decode_ms': 17.54, 'stage_clock': 'cuda-events', 'benchmark_variant': 'terminal-noop', 'output_cast': 'gpu', 'torch_threads': 128, 'terminal_skips': 1, 'jpeg_ms': 0.23, 'total_ms': 21.8}
[worker 0] timing@frame22101: {'queue_wait_ms': 0.024, 'decode_in_ms': 0.21, 'prompt_ms': 0.0, 'vae_encode_ms': 3.81, 'transformer_plus_decode_ms': 18.58, 'stage_clock': 'cuda-events', 'benchmark_variant': 'terminal-noop', 'output_cast': 'gpu', 'torch_threads': 128, 'terminal_skips': 1, 'jpeg_ms': 0.23, 'total_ms': 22.85}
[DIAG] t=2430s in=25119 →wk=22102 ←wk=22101 →cl=22101 drop_in=0 drop_out=0 | since: client=0.0s worker=0.0s sent=0.0s | ch=open buf=0 | lag: max=1ms avg=0.4ms | heap=8.9MB rss=46.0MB | gpu0:R pend=1 frames=22101 buf=0
[worker 0] timing@frame22151: {'queue_wait_ms': 0.036, 'decode_in_ms': 0.22, 'prompt_ms': 0.0, 'vae_encode_ms': 3.78, 'transformer_plus_decode_ms': 18.91, 'stage_clock': 'cuda-events', 'benchmark_variant': 'terminal-noop', 'output_cast': 'gpu', 'torch_threads': 128, 'terminal_skips': 1, 'jpeg_ms': 0.23, 'total_ms': 23.17}
[worker 0] timing@frame22201: {'queue_wait_ms': 0.033, 'decode_in_ms': 0.21, 'prompt_ms': 0.0, 'vae_encode_ms': 3.83, 'transformer_plus_decode_ms': 17.51, 'stage_clock': 'cuda-events', 'benchmark_variant': 'terminal-noop', 'output_cast': 'gpu', 'torch_threads': 128, 'terminal_skips': 1, 'jpeg_ms': 0.24, 'total_ms': 21.82}
[DIAG] t=2435s in=25267 →wk=22250 ←wk=22249 →cl=22249 drop_in=0 drop_out=0 | since: client=0.0s worker=0.0s sent=0.0s | ch=open buf=0 | lag: max=1ms avg=0.4ms | heap=9.1MB rss=46.0MB | gpu0:R pend=1 frames=22249 buf=0
[worker 0] timing@frame22251: {'queue_wait_ms': 0.03, 'decode_in_ms': 0.21, 'prompt_ms': 0.0, 'vae_encode_ms': 3.8, 'transformer_plus_decode_ms': 18.51, 'stage_clock': 'cuda-events', 'benchmark_variant': 'terminal-noop', 'output_cast': 'gpu', 'torch_threads': 128, 'terminal_skips': 1, 'jpeg_ms': 0.23, 'total_ms': 22.77}
[worker 0] timing@frame22301: {'queue_wait_ms': 0.035, 'decode_in_ms': 0.21, 'prompt_ms': 0.0, 'vae_encode_ms': 11.13, 'transformer_plus_decode_ms': 19.12, 'stage_clock': 'cuda-events', 'benchmark_variant': 'terminal-noop', 'output_cast': 'gpu', 'torch_threads': 128, 'terminal_skips': 1, 'jpeg_ms': 0.24, 'total_ms': 30.73}
[worker 0] timing@frame22351: {'queue_wait_ms': 0.026, 'decode_in_ms': 0.21, 'prompt_ms': 0.0, 'vae_encode_ms': 3.82, 'transformer_plus_decode_ms': 17.54, 'stage_clock': 'cuda-events', 'benchmark_variant': 'terminal-noop', 'output_cast': 'gpu', 'torch_threads': 128, 'terminal_skips': 1, 'jpeg_ms': 0.25, 'total_ms': 21.84}
[DIAG] t=2440s in=25412 →wk=22395 ←wk=22394 →cl=22394 drop_in=0 drop_out=0 | since: client=0.0s worker=0.0s sent=0.0s | ch=open buf=0 | lag: max=1ms avg=0.4ms | heap=9.0MB rss=46.0MB | gpu0:R pend=1 frames=22394 buf=0
[worker 0] timing@frame22401: {'queue_wait_ms': 0.045, 'decode_in_ms': 0.22, 'prompt_ms': 0.0, 'vae_encode_ms': 3.85, 'transformer_plus_decode_ms': 18.62, 'stage_clock': 'cuda-events', 'benchmark_variant': 'terminal-noop', 'output_cast': 'gpu', 'torch_threads': 128, 'terminal_skips': 1, 'jpeg_ms': 0.23, 'total_ms': 22.94}
[worker 0] timing@frame22451: {'queue_wait_ms': 0.029, 'decode_in_ms': 0.21, 'prompt_ms': 0.0, 'vae_encode_ms': 3.83, 'transformer_plus_decode_ms': 19.03, 'stage_clock': 'cuda-events', 'benchmark_variant': 'terminal-noop', 'output_cast': 'gpu', 'torch_threads': 128, 'terminal_skips': 1, 'jpeg_ms': 0.22, 'total_ms': 23.32}
[worker 0] timing@frame22501: {'queue_wait_ms': 0.03, 'decode_in_ms': 0.22, 'prompt_ms': 0.0, 'vae_encode_ms': 3.84, 'transformer_plus_decode_ms': 17.54, 'stage_clock': 'cuda-events', 'benchmark_variant': 'terminal-noop', 'output_cast': 'gpu', 'torch_threads': 128, 'terminal_skips': 1, 'jpeg_ms': 0.23, 'total_ms': 21.85}
[DIAG] t=2445s in=25561 →wk=22541 ←wk=22540 →cl=22540 drop_in=0 drop_out=0 | since: client=0.0s worker=0.0s sent=0.0s | ch=open buf=0 | lag: max=1ms avg=0.4ms | heap=9.0MB rss=46.0MB | gpu0:R pend=1 frames=22540 buf=0
[worker 0] timing@frame22551: {'queue_wait_ms': 0.045, 'decode_in_ms': 0.21, 'prompt_ms': 0.0, 'vae_encode_ms': 3.84, 'transformer_plus_decode_ms': 18.65, 'stage_clock': 'cuda-events', 'benchmark_variant': 'terminal-noop', 'output_cast': 'gpu', 'torch_threads': 128, 'terminal_skips': 1, 'jpeg_ms': 0.22, 'total_ms': 22.96}
[worker 0] timing@frame22601: {'queue_wait_ms': 0.032, 'decode_in_ms': 0.21, 'prompt_ms': 0.0, 'vae_encode_ms': 3.83, 'transformer_plus_decode_ms': 19.19, 'stage_clock': 'cuda-events', 'benchmark_variant': 'terminal-noop', 'output_cast': 'gpu', 'torch_threads': 128, 'terminal_skips': 1, 'jpeg_ms': 0.24, 'total_ms': 23.5}
[worker 0] timing@frame22651: {'queue_wait_ms': 0.028, 'decode_in_ms': 0.21, 'prompt_ms': 0.0, 'vae_encode_ms': 3.81, 'transformer_plus_decode_ms': 17.53, 'stage_clock': 'cuda-events', 'benchmark_variant': 'terminal-noop', 'output_cast': 'gpu', 'torch_threads': 128, 'terminal_skips': 1, 'jpeg_ms': 0.24, 'total_ms': 21.82}
[DIAG] t=2450s in=25707 →wk=22685 ←wk=22685 →cl=22685 drop_in=0 drop_out=0 | since: client=0.0s worker=0.0s sent=0.0s | ch=open buf=0 | lag: max=1ms avg=0.4ms | heap=8.9MB rss=46.0MB | gpu0:R pend=0 frames=22685 buf=0
[worker 0] timing@frame22701: {'queue_wait_ms': 0.028, 'decode_in_ms': 0.27, 'prompt_ms': 0.0, 'vae_encode_ms': 4.03, 'transformer_plus_decode_ms': 19.06, 'stage_clock': 'cuda-events', 'benchmark_variant': 'terminal-noop', 'output_cast': 'gpu', 'torch_threads': 128, 'terminal_skips': 1, 'jpeg_ms': 0.24, 'total_ms': 23.63}
[worker 0] timing@frame22751: {'queue_wait_ms': 0.026, 'decode_in_ms': 0.22, 'prompt_ms': 0.0, 'vae_encode_ms': 3.86, 'transformer_plus_decode_ms': 19.04, 'stage_clock': 'cuda-events', 'benchmark_variant': 'terminal-noop', 'output_cast': 'gpu', 'torch_threads': 128, 'terminal_skips': 1, 'jpeg_ms': 0.22, 'total_ms': 23.36}
[worker 0] timing@frame22801: {'queue_wait_ms': 0.024, 'decode_in_ms': 0.21, 'prompt_ms': 0.0, 'vae_encode_ms': 3.79, 'transformer_plus_decode_ms': 23.78, 'stage_clock': 'cuda-events', 'benchmark_variant': 'terminal-noop', 'output_cast': 'gpu', 'torch_threads': 128, 'terminal_skips': 1, 'jpeg_ms': 0.26, 'total_ms': 28.06}
[DIAG] t=2455s in=25855 →wk=22833 ←wk=22833 →cl=22833 drop_in=0 drop_out=0 | since: client=0.0s worker=0.0s sent=0.0s | ch=open buf=0 | lag: max=1ms avg=0.4ms | heap=9.0MB rss=46.0MB | gpu0:R pend=0 frames=22833 buf=0
[worker 0] timing@frame22851: {'queue_wait_ms': 0.027, 'decode_in_ms': 0.21, 'prompt_ms': 0.0, 'vae_encode_ms': 3.83, 'transformer_plus_decode_ms': 18.9, 'stage_clock': 'cuda-events', 'benchmark_variant': 'terminal-noop', 'output_cast': 'gpu', 'torch_threads': 128, 'terminal_skips': 1, 'jpeg_ms': 0.23, 'total_ms': 23.2}
[worker 0] timing@frame22901: {'queue_wait_ms': 0.023, 'decode_in_ms': 0.21, 'prompt_ms': 0.0, 'vae_encode_ms': 3.82, 'transformer_plus_decode_ms': 18.98, 'stage_clock': 'cuda-events', 'benchmark_variant': 'terminal-noop', 'output_cast': 'gpu', 'torch_threads': 128, 'terminal_skips': 1, 'jpeg_ms': 0.24, 'total_ms': 23.28}
[worker 0] timing@frame22951: {'queue_wait_ms': 0.038, 'decode_in_ms': 0.22, 'prompt_ms': 0.0, 'vae_encode_ms': 3.84, 'transformer_plus_decode_ms': 17.57, 'stage_clock': 'cuda-events', 'benchmark_variant': 'terminal-noop', 'output_cast': 'gpu', 'torch_threads': 128, 'terminal_skips': 1, 'jpeg_ms': 0.24, 'total_ms': 21.89}
[DIAG] t=2460s in=25999 →wk=22977 ←wk=22976 →cl=22976 drop_in=0 drop_out=0 | since: client=0.0s worker=0.0s sent=0.0s | ch=open buf=0 | lag: max=1ms avg=0.4ms | heap=8.9MB rss=46.0MB | gpu0:R pend=1 frames=22976 buf=0
[worker 0] timing@frame23001: {'queue_wait_ms': 0.026, 'decode_in_ms': 0.21, 'prompt_ms': 0.0, 'vae_encode_ms': 9.04, 'transformer_plus_decode_ms': 18.67, 'stage_clock': 'cuda-events', 'benchmark_variant': 'terminal-noop', 'output_cast': 'gpu', 'torch_threads': 128, 'terminal_skips': 1, 'jpeg_ms': 0.24, 'total_ms': 28.2}
[DIAG] t=2465s in=26048 →wk=23026 ←wk=23026 →cl=23026 drop_in=0 drop_out=0 | since: client=3.4s worker=3.4s sent=3.3s | ch=open buf=0 | lag: max=1ms avg=0.4ms | heap=10.2MB rss=46.0MB | gpu0:R pend=0 frames=23026 buf=0
ICE connection state: disconnected
[DIAG] Connection state: disconnected (channel=open buf=0)
[DIAG] t=2470s in=26048 →wk=23026 ←wk=23026 →cl=23026 drop_in=0 drop_out=0 | since: client=8.4s worker=8.3s sent=8.3s | ch=open buf=0 | lag: max=1ms avg=0.4ms | heap=8.9MB rss=46.0MB | gpu0:R pend=0 frames=23026 buf=0
Connection remained disconnected, closing peer
ICE connection state: closed
[DIAG] Connection state: closed (channel=none buf=0)
[DIAG] DataChannel CLOSED (was open)
[DIAG] t=2475s in=26048 →wk=23026 ←wk=23026 →cl=23026 drop_in=0 drop_out=0 | since: client=13.4s worker=13.4s sent=13.3s | ch=closed buf=0 | lag: max=1ms avg=0.4ms | heap=8.9MB rss=46.0MB | gpu0:R pend=0 frames=23026 buf=0
[DIAG] t=2480s in=26048 →wk=23026 ←wk=23026 →cl=23026 drop_in=0 drop_out=0 | since: client=18.4s worker=18.4s sent=18.3s | ch=closed buf=0 | lag: max=1ms avg=0.4ms | heap=8.9MB rss=46.0MB | gpu0:R pend=0 frames=23026 buf=0
[DIAG] t=2485s in=26048 →wk=23026 ←wk=23026 →cl=23026 drop_in=0 drop_out=0 | since: client=23.4s worker=23.4s sent=23.4s | ch=closed buf=0 | lag: max=1ms avg=0.4ms | heap=8.9MB rss=46.0MB | gpu0:R pend=0 frames=23026 buf=0
[DIAG] t=2490s in=26048 →wk=23026 ←wk=23026 →cl=23026 drop_in=0 drop_out=0 | since: client=28.4s worker=28.4s sent=28.4s | ch=closed buf=0 | lag: max=1ms avg=0.4ms | heap=8.9MB rss=46.0MB | gpu0:R pend=0 frames=23026 buf=0
[DIAG] t=2495s in=26048 →wk=23026 ←wk=23026 →cl=23026 drop_in=0 drop_out=0 | since: client=33.4s worker=33.4s sent=33.4s | ch=closed buf=0 | lag: max=1ms avg=0.4ms | heap=8.9MB rss=46.0MB | gpu0:R pend=0 frames=23026 buf=0
[DIAG] t=2500s in=26048 →wk=23026 ←wk=23026 →cl=23026 drop_in=0 drop_out=0 | since: client=38.4s worker=38.4s sent=38.4s | ch=closed buf=0 | lag: max=1ms avg=0.4ms | heap=8.9MB rss=46.0MB | gpu0:R pend=0 frames=23026 buf=0
[DIAG] t=2505s in=26048 →wk=23026 ←wk=23026 →cl=23026 drop_in=0 drop_out=0 | since: client=43.4s worker=43.4s sent=43.4s | ch=closed buf=0 | lag: max=1ms avg=0.4ms | heap=8.9MB rss=46.0MB | gpu0:R pend=0 frames=23026 buf=0
[DIAG] t=2510s in=26048 →wk=23026 ←wk=23026 →cl=23026 drop_in=0 drop_out=0 | since: client=48.4s worker=48.4s sent=48.4s | ch=closed buf=0 | lag: max=1ms avg=0.4ms | heap=8.9MB rss=46.0MB | gpu0:R pend=0 frames=23026 buf=0
[DIAG] t=2515s in=26048 →wk=23026 ←wk=23026 →cl=23026 drop_in=0 drop_out=0 | since: client=53.4s worker=53.4s sent=53.4s | ch=closed buf=0 | lag: max=1ms avg=0.4ms | heap=8.9MB rss=46.0MB | gpu0:R pend=0 frames=23026 buf=0
[DIAG] t=2520s in=26048 →wk=23026 ←wk=23026 →cl=23026 drop_in=0 drop_out=0 | since: client=58.4s worker=58.4s sent=58.4s | ch=closed buf=0 | lag: max=1ms avg=0.4ms | heap=8.9MB rss=46.0MB | gpu0:R pend=0 frames=23026 buf=0
[DIAG] t=2525s in=26048 →wk=23026 ←wk=23026 →cl=23026 drop_in=0 drop_out=0 | since: client=63.4s worker=63.4s sent=63.4s | ch=closed buf=0 | lag: max=1ms avg=0.4ms | heap=9.0MB rss=46.0MB | gpu0:R pend=0 frames=23026 buf=0
[DIAG] t=2530s in=26048 →wk=23026 ←wk=23026 →cl=23026 drop_in=0 drop_out=0 | since: client=68.4s worker=68.4s sent=68.4s | ch=closed buf=0 | lag: max=1ms avg=0.4ms | heap=9.1MB rss=46.0MB | gpu0:R pend=0 frames=23026 buf=0
[DIAG] t=2535s in=26048 →wk=23026 ←wk=23026 →cl=23026 drop_in=0 drop_out=0 | since: client=73.4s worker=73.4s sent=73.4s | ch=closed buf=0 | lag: max=1ms avg=0.4ms | heap=9.1MB rss=46.0MB | gpu0:R pend=0 frames=23026 buf=0
[DIAG] t=2540s in=26048 →wk=23026 ←wk=23026 →cl=23026 drop_in=0 drop_out=0 | since: client=78.4s worker=78.4s sent=78.4s | ch=closed buf=0 | lag: max=1ms avg=0.4ms | heap=9.1MB rss=46.0MB | gpu0:R pend=0 frames=23026 buf=0
[DIAG] t=2545s in=26048 →wk=23026 ←wk=23026 →cl=23026 drop_in=0 drop_out=0 | since: client=83.4s worker=83.4s sent=83.4s | ch=closed buf=0 | lag: max=1ms avg=0.4ms | heap=9.1MB rss=46.0MB | gpu0:R pend=0 frames=23026 buf=0
[DIAG] t=2550s in=26048 →wk=23026 ←wk=23026 →cl=23026 drop_in=0 drop_out=0 | since: client=88.4s worker=88.4s sent=88.4s | ch=closed buf=0 | lag: max=1ms avg=0.4ms | heap=9.1MB rss=46.0MB | gpu0:R pend=0 frames=23026 buf=0
[DIAG] t=2555s in=26048 →wk=23026 ←wk=23026 →cl=23026 drop_in=0 drop_out=0 | since: client=93.4s worker=93.4s sent=93.4s | ch=closed buf=0 | lag: max=1ms avg=0.4ms | heap=9.1MB rss=46.0MB | gpu0:R pend=0 frames=23026 buf=0
[DIAG] t=2560s in=26048 →wk=23026 ←wk=23026 →cl=23026 drop_in=0 drop_out=0 | since: client=98.4s worker=98.4s sent=98.4s | ch=closed buf=0 | lag: max=1ms avg=0.4ms | heap=9.1MB rss=46.0MB | gpu0:R pend=0 frames=23026 buf=0
[DIAG] t=2565s in=26048 →wk=23026 ←wk=23026 →cl=23026 drop_in=0 drop_out=0 | since: client=103.4s worker=103.4s sent=103.4s | ch=closed buf=0 | lag: max=1ms avg=0.4ms | heap=9.2MB rss=46.0MB | gpu0:R pend=0 frames=23026 buf=0
[DIAG] t=2570s in=26048 →wk=23026 ←wk=23026 →cl=23026 drop_in=0 drop_out=0 | since: client=108.4s worker=108.4s sent=108.4s | ch=closed buf=0 | lag: max=1ms avg=0.4ms | heap=9.2MB rss=46.0MB | gpu0:R pend=0 frames=23026 buf=0
[DIAG] t=2575s in=26048 →wk=23026 ←wk=23026 →cl=23026 drop_in=0 drop_out=0 | since: client=113.4s worker=113.4s sent=113.4s | ch=closed buf=0 | lag: max=1ms avg=0.4ms | heap=9.2MB rss=46.0MB | gpu0:R pend=0 frames=23026 buf=0
