Using Python 3.12.3 environment at: /workspace/envs/klein-torch213-cu132
Resolved 75 packages in 1.94s
Would download 47 packages
Would uninstall 3 packages
Would install 47 packages
 + annotated-doc==0.0.5
 + anyio==4.15.1
 + apache-tvm-ffi==0.1.14.post0
 + certifi==2026.7.22
 + charset-normalizer==3.5.1
 + click==8.5.0
 - cuda-bindings==13.3.1
 + cuda-bindings==13.4.2
 + cuda-core==1.2.0
 + cuda-python==13.4.1
 + cuda-tile==1.6.0
 + einops==0.8.2
 + flashinfer-python==0.6.18.post1
 + h11==0.16.0
 + hf-xet==1.6.0
 + httpcore==1.0.9
 + httpx==0.28.1
 + huggingface-hub==1.13.0
 + idna==3.20
 + markdown-it-py==4.2.0
 + mdurl==0.1.2
 + nccl4py==0.5.0
 + ninja==1.13.2
 - numpy==2.5.2
 + numpy==2.4.4
 + nvidia-cuda-cccl==13.2.75
 + nvidia-cuda-crt==13.2.78
 + nvidia-cuda-nvcc==13.2.78
 + nvidia-cuda-nvdisasm==13.4.92
 + nvidia-cudnn-frontend==1.29.0
 + nvidia-cutlass-dsl==4.7.1
 + nvidia-cutlass-dsl-libs-base==4.7.1
 + nvidia-cutlass-dsl-libs-core==4.7.1
 + nvidia-cutlass-dsl-libs-cu12==4.7.1
 + nvidia-cutlass-dsl-libs-cu13==4.7.1
 + nvidia-ml-py==13.610.43
 + nvidia-nvvm==13.2.78
 + packaging==26.3
 - pillow==12.3.0
 + pillow==12.2.0
 + protobuf==7.36.2
 + pygments==2.21.0
 + pyyaml==6.0.3
 + requests==2.34.2
 + rich==15.0.0
 + shellingham==1.5.4
 + tabulate==0.10.0
 + tqdm==4.70.1
 + typer==0.27.2
 + urllib3==2.8.0
