W0918 09:58:04.094000 18244 torch/utils/_pytree.py:630] <enum 'KernelPreference'> is an Enum subclass and is now natively supported by torch.compile as an opaque value type. Calling register_constant() on Enum subclasses is deprecated and will be an error in a future release.
{"log": "CPU intra-op threads=128 (previous=128, TORCH_NUM_THREADS=0; 0 preserves native selection)"}
{"log": "torch=2.13.0+cu132 cuda=13.2 device=NVIDIA RTX PRO 6000 Blackwell Server Edition cap=(12, 0)"}
W0918 09:58:06.057000 18244 torch/utils/_pytree.py:630] <enum 'ScaleCalculationMode'> is an Enum subclass and is now natively supported by torch.compile as an opaque value type. Calling register_constant() on Enum subclasses is deprecated and will be an error in a future release.
Unable to import `torchao` Tensor objects. This may affect loading checkpoints serialized with `torchao`
{"status": "phase", "stage": "loading_weights", "repo": "black-forest-labs/FLUX.2-klein-4B", "est_seconds": 140}
{"log": "loading black-forest-labs/FLUX.2-klein-4B..."}
Couldn't connect to the Hub: Cannot reach https://huggingface.co/api/models/black-forest-labs/FLUX.2-klein-4B: offline mode is enabled. To disable it, please unset the `HF_HUB_OFFLINE` environment variable..
Will try to load from local cache.
Loading pipeline components...:   0%|          | 0/5 [00:00<?, ?it/s]Loading pipeline components...:  80%|████████  | 4/5 [00:00<00:00,  9.33it/s]
Loading weights:   0%|          | 0/398 [00:00<?, ?it/s][ALoading weights: 100%|██████████| 398/398 [00:00<00:00, 12919.53it/s]
Loading pipeline components...: 100%|██████████| 5/5 [00:00<00:00,  9.77it/s]
/workspace/envs/klein-torch213-cu132/lib/python3.12/site-packages/huggingface_hub/utils/_validators.py:205: UserWarning: The `local_dir_use_symlinks` argument is deprecated and ignored in `hf_hub_download`. Downloading to a local directory does not use symlinks anymore.
  warnings.warn(
{"log": "loaded in 1.9s, vram=15.98GB"}
{"status": "phase", "stage": "loaded", "elapsed_ms": 1909, "vram_gb": 15.98}
{"status": "phase", "stage": "applying_fp8", "est_seconds": 1}
{"log": "applying TorchAO Float8DynamicActivationFloat8WeightConfig (PerTensor) on transformer..."}
{"log": "fp8 applied to transformer in 0.2s, vram=12.30GB"}
{"log": "fp8 applied to VAE linears in 0.0s, vram=12.30GB"}
{"status": "phase", "stage": "registering_compile_stubs", "est_seconds": 1}
{"log": "compiling transformer + vae.encoder + vae.decoder (mode=reduce-overhead)..."}
{"log": "compile stubs registered in 0.8s (actual JIT happens on first call per (height, width, steps) shape; with fp8 expect ~80-160 s extra warmup at the first new resolution)"}
{"log": "terminal_noop=enabled; audited helper, pipeline and scheduler source guards passed"}
{"log": "gpu_output_cast=enabled; measured helper and pinned image-conversion source guards passed"}
{"phase": "native-workspace-preinit", "device": "cuda:0", "bytes": 33554432, "already_existed": false, "outside_stream_capture": true, "allocation_data_ptr": 125219607937024, "utils_source_sha256": "6cb8ebcc25eb65521808bf40a8aaf0c5a868827283955867ae382ad7ec773815", "scope": "Setup-only global scratch allocation shared by every arm; native kernels and graph checks unchanged"}
{"log": "encoding prompt (len=74 chars, max_seq=64) [cache: 0/32, hits=0 misses=1]"}
{"log": "prompt encoded in 500ms shape=(1, 64, 7680) [cached 1/32]"}
{"log": "encoding prompt (len=64 chars, max_seq=64) [cache: 1/32, hits=0 misses=2]"}
{"log": "prompt encoded in 15ms shape=(1, 64, 7680) [cached 2/32]"}
{"log": "encoding prompt (len=104 chars, max_seq=64) [cache: 2/32, hits=0 misses=3]"}
{"log": "prompt encoded in 14ms shape=(1, 64, 7680) [cached 3/32]"}
/workspace/envs/klein-torch213-cu132/lib/python3.12/site-packages/torch/_functorch/_aot_autograd/autograd_cache.py:675: UserWarning: Float8Tensor does not implement _stable_hash_for_caching. For PT2-compatible tensor subclasses, it is recommended to implement _stable_hash_for_caching(self) -> str for stable AOT autograd caching.
  warn_once(
/usr/local/lib/python3.12/dist-packages/diffusers/schedulers/scheduling_flow_match_euler_discrete.py:649: RuntimeWarning: divide by zero encountered in divide
  return math.exp(mu) / (math.exp(mu) + (1 / t - 1) ** sigma)
/workspace/envs/klein-torch213-cu132/lib/python3.12/site-packages/torch/_dynamo/variables/functions.py:2590: UserWarning: Dynamo detected a call to a `functools.lru_cache`-wrapped function at 'upsampling.py:156'. Dynamo ignores the cache wrapper and directly traces the wrapped function. Silent incorrectness is only a *potential* risk, not something we have observed. Enable TORCH_LOGS=+dynamo for a DEBUG stack trace.

This call originates from:
  File "/usr/local/lib/python3.12/dist-packages/diffusers/models/upsampling.py", line 156, in forward
    if dtype == torch.bfloat16 and is_torch_version("<", "2.1"):
                                   ^^^^^^^^^^^^^^^^^^^^^^^^^^^^^

  torch._dynamo.utils.warn_once(msg)
/workspace/envs/klein-torch213-cu132/lib/python3.12/site-packages/torch/_dynamo/variables/functions.py:2590: UserWarning: Dynamo detected a call to a `functools.lru_cache`-wrapped function at 'upsampling.py:180'. Dynamo ignores the cache wrapper and directly traces the wrapped function. Silent incorrectness is only a *potential* risk, not something we have observed. Enable TORCH_LOGS=+dynamo for a DEBUG stack trace.

This call originates from:
  File "/usr/local/lib/python3.12/dist-packages/diffusers/models/upsampling.py", line 180, in forward
    if dtype == torch.bfloat16 and is_torch_version("<", "2.1"):
                                   ^^^^^^^^^^^^^^^^^^^^^^^^^^^^^

  torch._dynamo.utils.warn_once(msg)
/usr/local/lib/python3.12/dist-packages/diffusers/schedulers/scheduling_flow_match_euler_discrete.py:649: RuntimeWarning: divide by zero encountered in divide
  return math.exp(mu) / (math.exp(mu) + (1 / t - 1) ** sigma)
/usr/local/lib/python3.12/dist-packages/diffusers/schedulers/scheduling_flow_match_euler_discrete.py:649: RuntimeWarning: divide by zero encountered in divide
  return math.exp(mu) / (math.exp(mu) + (1 / t - 1) ** sigma)
{"phase": "warmup", "variant": "fp8", "resolution": [512, 288], "seconds": 6.75095639238134, "memory_scope": "comparison process with retained FP8 and NVFP4 alternatives; not deployment footprint", "memory_allocated_bytes": 12575471104, "memory_reserved_bytes": 13140754432}
USDT:2026-09-18 09:58:16 18244:18244 SyncActivityProfilerHandler.cpp:52] profiler_start
USDT:2026-09-18 09:58:16 18244:18244 SyncActivityProfilerHandler.cpp:59] profiler_stop
{"phase": "compiled-native-proof", "variant": "fp8", "resolution": [512, 288], "native_gpu_launches": 0, "expected_native_gpu_launches": 0, "cpu_custom_op_events": 0, "cpu_event_note": "May be zero on valid CUDA graph replay", "native_kernel_names": [], "trace": "profile-512x288-fp8.json.gz"}
{"phase": "quality", "variant": "fp8", "fixture": "512x288-prompt0-seed42-phase0", "comparison": {"control": true}, "global_rng_unchanged": true, "encoded_and_decoded_tensors_finite": true, "pixel_sha256": "d080d6964117c6b0ae98ae6b377e3fd1599d09410678b65810a35906c004aaa4"}
{"phase": "quality", "variant": "fp8", "fixture": "512x288-prompt0-seed42-phase2", "comparison": {"control": true}, "global_rng_unchanged": true, "encoded_and_decoded_tensors_finite": true, "pixel_sha256": "1d5451d559455a2b8d9d5adb14c298122efd1156e98a2259f8dade2e87b390c2"}
{"phase": "quality", "variant": "fp8", "fixture": "512x288-prompt0-seed42-phase4", "comparison": {"control": true}, "global_rng_unchanged": true, "encoded_and_decoded_tensors_finite": true, "pixel_sha256": "cb36e41ef355c4a89941b60026d28689107d90c9af547c6d3cb06640a8fff174"}
{"phase": "quality", "variant": "fp8", "fixture": "512x288-prompt0-seed123-phase0", "comparison": {"control": true}, "global_rng_unchanged": true, "encoded_and_decoded_tensors_finite": true, "pixel_sha256": "651f7830876a49a55934b14dc72edb33314ae5282e95661dd64e025762fb8091"}
{"phase": "quality", "variant": "fp8", "fixture": "512x288-prompt0-seed123-phase2", "comparison": {"control": true}, "global_rng_unchanged": true, "encoded_and_decoded_tensors_finite": true, "pixel_sha256": "1b0785e4c59ed00687fc3e7853ce96153ddeabcb9cc6b572ad8c8e8526ebbb13"}
{"phase": "quality", "variant": "fp8", "fixture": "512x288-prompt0-seed123-phase4", "comparison": {"control": true}, "global_rng_unchanged": true, "encoded_and_decoded_tensors_finite": true, "pixel_sha256": "0cca7a7216d8b2845e58d63694340fedc7407b8a981b677aa7fa76e259db72f2"}
{"phase": "quality", "variant": "fp8", "fixture": "512x288-prompt1-seed42-phase0", "comparison": {"control": true}, "global_rng_unchanged": true, "encoded_and_decoded_tensors_finite": true, "pixel_sha256": "35801659ef8848bc950d215087692d9e5e5e9c0f104435fc5d2c81dd3cd4251d"}
{"phase": "quality", "variant": "fp8", "fixture": "512x288-prompt1-seed42-phase2", "comparison": {"control": true}, "global_rng_unchanged": true, "encoded_and_decoded_tensors_finite": true, "pixel_sha256": "839653ce86de13d872de941283634c10e98d0b0de145aa64cd37eb8a8385c195"}
{"phase": "quality", "variant": "fp8", "fixture": "512x288-prompt1-seed42-phase4", "comparison": {"control": true}, "global_rng_unchanged": true, "encoded_and_decoded_tensors_finite": true, "pixel_sha256": "b38ca9dd7d0cf3a8cd3b65da5d881f9ede80d9c24fdcbc170472e065bc794ded"}
{"phase": "quality", "variant": "fp8", "fixture": "512x288-prompt1-seed123-phase0", "comparison": {"control": true}, "global_rng_unchanged": true, "encoded_and_decoded_tensors_finite": true, "pixel_sha256": "d6c7a0ede49aad42e28b4b6e2c52992422c90c02ddefb5fae23f0b72a90718a0"}
{"phase": "quality", "variant": "fp8", "fixture": "512x288-prompt1-seed123-phase2", "comparison": {"control": true}, "global_rng_unchanged": true, "encoded_and_decoded_tensors_finite": true, "pixel_sha256": "c70cb06f1f884fe15bc609cfbc762181d051992f3f6f62c400062fc29a4aa32f"}
{"phase": "quality", "variant": "fp8", "fixture": "512x288-prompt1-seed123-phase4", "comparison": {"control": true}, "global_rng_unchanged": true, "encoded_and_decoded_tensors_finite": true, "pixel_sha256": "6fd6742b2bfdd0ebc4a91b47461e73892ae785d192f1e726b9dadcc127fd8333"}
{"phase": "quality", "variant": "fp8", "fixture": "512x288-prompt2-seed42-phase0", "comparison": {"control": true}, "global_rng_unchanged": true, "encoded_and_decoded_tensors_finite": true, "pixel_sha256": "44a74b795103090d2386e8ec221fe7b89f29d8de4934350cd900efa59c539a58"}
{"phase": "quality", "variant": "fp8", "fixture": "512x288-prompt2-seed42-phase2", "comparison": {"control": true}, "global_rng_unchanged": true, "encoded_and_decoded_tensors_finite": true, "pixel_sha256": "042c30da7a7d6e1a6af9addc74aeb132229e8952d7977e46833e741f80cd37f0"}
{"phase": "quality", "variant": "fp8", "fixture": "512x288-prompt2-seed42-phase4", "comparison": {"control": true}, "global_rng_unchanged": true, "encoded_and_decoded_tensors_finite": true, "pixel_sha256": "4111b5f1440dbdeee3ddc89a53716bfdd50ce282b1e52af45414decb69e75589"}
{"phase": "quality", "variant": "fp8", "fixture": "512x288-prompt2-seed123-phase0", "comparison": {"control": true}, "global_rng_unchanged": true, "encoded_and_decoded_tensors_finite": true, "pixel_sha256": "399bd795f9f71f7f8e700f95e3c6ea192dd0a4bc2338cfa784ffe52212282a17"}
{"phase": "quality", "variant": "fp8", "fixture": "512x288-prompt2-seed123-phase2", "comparison": {"control": true}, "global_rng_unchanged": true, "encoded_and_decoded_tensors_finite": true, "pixel_sha256": "8a3768e0056b71cd66f03998ffabd11a7339c11a3434984b2697d5a61081f01a"}
{"phase": "quality", "variant": "fp8", "fixture": "512x288-prompt2-seed123-phase4", "comparison": {"control": true}, "global_rng_unchanged": true, "encoded_and_decoded_tensors_finite": true, "pixel_sha256": "4ff59c0a3347b327e1311fac5bcc3b415f1c96769169ca465b2c58fa0e187155"}
{"phase": "temporal", "variant": "fp8", "resolution": [512, 288], "frames": 12, "directory": "clip-512x288-fp8"}
/usr/local/lib/python3.12/dist-packages/diffusers/schedulers/scheduling_flow_match_euler_discrete.py:649: RuntimeWarning: divide by zero encountered in divide
  return math.exp(mu) / (math.exp(mu) + (1 / t - 1) ** sigma)
{"phase": "warmup", "variant": "image_ff_in", "resolution": [512, 288], "seconds": 29.576974067837, "memory_scope": "comparison process with retained FP8 and NVFP4 alternatives; not deployment footprint", "memory_allocated_bytes": 12575472128, "memory_reserved_bytes": 13277069312}
USDT:2026-09-18 09:58:49 18244:18244 SyncActivityProfilerHandler.cpp:52] profiler_start
USDT:2026-09-18 09:58:49 18244:18244 SyncActivityProfilerHandler.cpp:59] profiler_stop
{"phase": "compiled-native-proof", "variant": "image_ff_in", "resolution": [512, 288], "native_gpu_launches": 5, "expected_native_gpu_launches": 5, "cpu_custom_op_events": 0, "cpu_event_note": "May be zero on valid CUDA graph replay", "native_kernel_names": ["kernel_cutlass_kernel_flashinfergemmkernelsdense_blockscaled_gemm_sm120_b12xDenseGemmKernel_object_at__CopyAtom_ThrID10_TVLayoutSrc11638401_TVLayoutDst11638401_Valuetypef4E2M1FN_tensor00o_0"], "trace": "profile-512x288-image_ff_in.json.gz"}
{"phase": "quality", "variant": "image_ff_in", "fixture": "512x288-prompt0-seed42-phase0", "comparison": {"pixels_equal": false, "mse": 1135.3404880099827, "psnr_db": 17.57954235120006, "changed_value_fraction": 0.9431830512152778, "max_absolute_error": 246, "jpeg_equal": false}, "global_rng_unchanged": true, "encoded_and_decoded_tensors_finite": true, "pixel_sha256": "df22ffb528b5685b88bf298863325704c541c43c96cde78bf6ada8e6cbba61cc"}
{"phase": "quality", "variant": "image_ff_in", "fixture": "512x288-prompt0-seed42-phase2", "comparison": {"pixels_equal": false, "mse": 340.7875230577257, "psnr_db": 22.805966749093216, "changed_value_fraction": 0.8957429108796297, "max_absolute_error": 223, "jpeg_equal": false}, "global_rng_unchanged": true, "encoded_and_decoded_tensors_finite": true, "pixel_sha256": "2e2be8e5ae8fbd43a346a993c8c23835fb4e2e2e09e9c167e9fb0a3248a02696"}
{"phase": "quality", "variant": "image_ff_in", "fixture": "512x288-prompt0-seed42-phase4", "comparison": {"pixels_equal": false, "mse": 32.23753074363426, "psnr_db": 33.04718591552569, "changed_value_fraction": 0.6683417426215278, "max_absolute_error": 79, "jpeg_equal": false}, "global_rng_unchanged": true, "encoded_and_decoded_tensors_finite": true, "pixel_sha256": "0a066517bdf70700f3c29f62b11e7c94ea3e2cdd10d3d1552bb11de856587a3c"}
{"phase": "quality", "variant": "image_ff_in", "fixture": "512x288-prompt0-seed123-phase0", "comparison": {"pixels_equal": false, "mse": 256.15588604962386, "psnr_db": 24.04576021153298, "changed_value_fraction": 0.89324951171875, "max_absolute_error": 183, "jpeg_equal": false}, "global_rng_unchanged": true, "encoded_and_decoded_tensors_finite": true, "pixel_sha256": "0fbd7fe957fb662fda9ce504d9f6e372b9e34cb414dd4a3597d87ce1e5e9d1af"}
{"phase": "quality", "variant": "image_ff_in", "fixture": "512x288-prompt0-seed123-phase2", "comparison": {"pixels_equal": false, "mse": 256.2850183557581, "psnr_db": 24.043571414788047, "changed_value_fraction": 0.8930957935474537, "max_absolute_error": 224, "jpeg_equal": false}, "global_rng_unchanged": true, "encoded_and_decoded_tensors_finite": true, "pixel_sha256": "29e17dff68a1c36e8d068901cfd32a375d2331e10ef2357d57ced296cd35978f"}
{"phase": "quality", "variant": "image_ff_in", "fixture": "512x288-prompt0-seed123-phase4", "comparison": {"pixels_equal": false, "mse": 236.33056414568867, "psnr_db": 24.395604691913583, "changed_value_fraction": 0.7706592701099537, "max_absolute_error": 174, "jpeg_equal": false}, "global_rng_unchanged": true, "encoded_and_decoded_tensors_finite": true, "pixel_sha256": "37dc49b5dd6da14119c4f1a3a0c9f7a05c88c3dee932b03c8e5a39cd01f4b006"}
{"phase": "quality", "variant": "image_ff_in", "fixture": "512x288-prompt1-seed42-phase0", "comparison": {"pixels_equal": false, "mse": 87.42769594545717, "psnr_db": 28.714313276511888, "changed_value_fraction": 0.6328780562789352, "max_absolute_error": 109, "jpeg_equal": false}, "global_rng_unchanged": true, "encoded_and_decoded_tensors_finite": true, "pixel_sha256": "21b80cc1064a11ec3cd29ae0349536572a4ff0d1330a989c166adee65c1ff1cd"}
{"phase": "quality", "variant": "image_ff_in", "fixture": "512x288-prompt1-seed42-phase2", "comparison": {"pixels_equal": false, "mse": 93.17633734809027, "psnr_db": 28.437747260239714, "changed_value_fraction": 0.5984519675925926, "max_absolute_error": 114, "jpeg_equal": false}, "global_rng_unchanged": true, "encoded_and_decoded_tensors_finite": true, "pixel_sha256": "15a8fa9ffd6d12da268192c96153705ac8ff86c30f698afc1d689d2b722b8430"}
{"phase": "quality", "variant": "image_ff_in", "fixture": "512x288-prompt1-seed42-phase4", "comparison": {"pixels_equal": false, "mse": 96.96242720992477, "psnr_db": 28.264768824421207, "changed_value_fraction": 0.6051929615162037, "max_absolute_error": 114, "jpeg_equal": false}, "global_rng_unchanged": true, "encoded_and_decoded_tensors_finite": true, "pixel_sha256": "dc4f32fdc9a7473412e428b19b19be213da396ab7df203fc120e498f24d4dfb9"}
{"phase": "quality", "variant": "image_ff_in", "fixture": "512x288-prompt1-seed123-phase0", "comparison": {"pixels_equal": false, "mse": 78.37077953197338, "psnr_db": 29.189261942741517, "changed_value_fraction": 0.6479153103298612, "max_absolute_error": 105, "jpeg_equal": false}, "global_rng_unchanged": true, "encoded_and_decoded_tensors_finite": true, "pixel_sha256": "c6dae19764816d151a05fc613053ea287c9fd419c109314880b4f26dcf2b3695"}
{"phase": "quality", "variant": "image_ff_in", "fixture": "512x288-prompt1-seed123-phase2", "comparison": {"pixels_equal": false, "mse": 87.31065538194444, "psnr_db": 28.720131126812948, "changed_value_fraction": 0.6276900679976852, "max_absolute_error": 131, "jpeg_equal": false}, "global_rng_unchanged": true, "encoded_and_decoded_tensors_finite": true, "pixel_sha256": "97c47d6288cdd69dca7a19de1d4a9b319882f80c64de2452634a8db48bb6cabe"}
{"phase": "quality", "variant": "image_ff_in", "fixture": "512x288-prompt1-seed123-phase4", "comparison": {"pixels_equal": false, "mse": 60.444618507667826, "psnr_db": 30.31722719963288, "changed_value_fraction": 0.6072252061631944, "max_absolute_error": 79, "jpeg_equal": false}, "global_rng_unchanged": true, "encoded_and_decoded_tensors_finite": true, "pixel_sha256": "b03a1b5e6138a4d40a374b1274d245302149d33dea1a61fa2c90a5a4021fbd75"}
{"phase": "quality", "variant": "image_ff_in", "fixture": "512x288-prompt2-seed42-phase0", "comparison": {"pixels_equal": false, "mse": 71.10244864004629, "psnr_db": 29.611958035622123, "changed_value_fraction": 0.2983986183449074, "max_absolute_error": 197, "jpeg_equal": false}, "global_rng_unchanged": true, "encoded_and_decoded_tensors_finite": true, "pixel_sha256": "cfb1e313f7adbcdce23171fb3130ff0fa37b360fb3664e8f83848241b0a08d50"}
{"phase": "quality", "variant": "image_ff_in", "fixture": "512x288-prompt2-seed42-phase2", "comparison": {"pixels_equal": false, "mse": 42.317855269820605, "psnr_db": 31.865567119562147, "changed_value_fraction": 0.20505777994791666, "max_absolute_error": 213, "jpeg_equal": false}, "global_rng_unchanged": true, "encoded_and_decoded_tensors_finite": true, "pixel_sha256": "7875148ef1ee21275e9aa889c7a0338bd2e4aee3d7d08856a52378463dd505a1"}
{"phase": "quality", "variant": "image_ff_in", "fixture": "512x288-prompt2-seed42-phase4", "comparison": {"pixels_equal": false, "mse": 41.54427535445602, "psnr_db": 31.945691727780098, "changed_value_fraction": 0.3484429253472222, "max_absolute_error": 212, "jpeg_equal": false}, "global_rng_unchanged": true, "encoded_and_decoded_tensors_finite": true, "pixel_sha256": "5a1dc8532fdbb6b14694726adcd93736cafc11c040f1c2ca31696e06c41cf081"}
{"phase": "quality", "variant": "image_ff_in", "fixture": "512x288-prompt2-seed123-phase0", "comparison": {"pixels_equal": false, "mse": 207.29302752459492, "psnr_db": 24.964956663887122, "changed_value_fraction": 0.3203757957175926, "max_absolute_error": 231, "jpeg_equal": false}, "global_rng_unchanged": true, "encoded_and_decoded_tensors_finite": true, "pixel_sha256": "1921c9c432284d1bf5c039cd1be24a4305b5b196c3fcf11693a235551cda54d2"}
{"phase": "quality", "variant": "image_ff_in", "fixture": "512x288-prompt2-seed123-phase2", "comparison": {"pixels_equal": false, "mse": 65.06842041015625, "psnr_db": 29.997100968646436, "changed_value_fraction": 0.2645941840277778, "max_absolute_error": 203, "jpeg_equal": false}, "global_rng_unchanged": true, "encoded_and_decoded_tensors_finite": true, "pixel_sha256": "e0374c4ef94266bbc7494f69b3152fb1a04dc4a350b7fa82a9159054c59a0731"}
{"phase": "quality", "variant": "image_ff_in", "fixture": "512x288-prompt2-seed123-phase4", "comparison": {"pixels_equal": false, "mse": 110.57462112991898, "psnr_db": 27.69424900879332, "changed_value_fraction": 0.4108570240162037, "max_absolute_error": 216, "jpeg_equal": false}, "global_rng_unchanged": true, "encoded_and_decoded_tensors_finite": true, "pixel_sha256": "cc8064257d848bb3fb8c91c081cfb9ddf83cb727d5901fe1b0bde9d2f57c88d1"}
{"phase": "temporal", "variant": "image_ff_in", "resolution": [512, 288], "frames": 12, "directory": "clip-512x288-image_ff_in"}
/usr/local/lib/python3.12/dist-packages/diffusers/schedulers/scheduling_flow_match_euler_discrete.py:649: RuntimeWarning: divide by zero encountered in divide
  return math.exp(mu) / (math.exp(mu) + (1 / t - 1) ** sigma)
/usr/local/lib/python3.12/dist-packages/diffusers/schedulers/scheduling_flow_match_euler_discrete.py:649: RuntimeWarning: divide by zero encountered in divide
  return math.exp(mu) / (math.exp(mu) + (1 / t - 1) ** sigma)
{"phase": "warmup", "variant": "image_ff_both", "resolution": [512, 288], "seconds": 73.08317344728857, "memory_scope": "comparison process with retained FP8 and NVFP4 alternatives; not deployment footprint", "memory_allocated_bytes": 12575473152, "memory_reserved_bytes": 13277069312}
USDT:2026-09-18 10:00:05 18244:18244 SyncActivityProfilerHandler.cpp:52] profiler_start
USDT:2026-09-18 10:00:05 18244:18244 SyncActivityProfilerHandler.cpp:59] profiler_stop
{"phase": "compiled-native-proof", "variant": "image_ff_both", "resolution": [512, 288], "native_gpu_launches": 10, "expected_native_gpu_launches": 10, "cpu_custom_op_events": 0, "cpu_event_note": "May be zero on valid CUDA graph replay", "native_kernel_names": ["kernel_cutlass_kernel_flashinfergemmkernelsdense_blockscaled_gemm_sm120_b12xDenseGemmKernel_object_at__CopyAtom_ThrID10_TVLayoutSrc11638401_TVLayoutDst11638401_Valuetypef4E2M1FN_tensor00o_0"], "trace": "profile-512x288-image_ff_both.json.gz"}
{"phase": "quality", "variant": "image_ff_both", "fixture": "512x288-prompt0-seed42-phase0", "comparison": {"pixels_equal": false, "mse": 1759.2041128653068, "psnr_db": 15.677641291714863, "changed_value_fraction": 0.9667426215277778, "max_absolute_error": 251, "jpeg_equal": false}, "global_rng_unchanged": true, "encoded_and_decoded_tensors_finite": true, "pixel_sha256": "2e94022f8c03326ee7791d86ea048fdb1e2ad1a12ee97d11ba65c6e646a79c1c"}
{"phase": "quality", "variant": "image_ff_both", "fixture": "512x288-prompt0-seed42-phase2", "comparison": {"pixels_equal": false, "mse": 394.27385796440973, "psnr_db": 22.172823784134586, "changed_value_fraction": 0.8976869936342593, "max_absolute_error": 207, "jpeg_equal": false}, "global_rng_unchanged": true, "encoded_and_decoded_tensors_finite": true, "pixel_sha256": "eb8b6d82b2664384bf1c652a4d60a4208e0e750e60c56d564e33ef4a15402de0"}
{"phase": "quality", "variant": "image_ff_both", "fixture": "512x288-prompt0-seed42-phase4", "comparison": {"pixels_equal": false, "mse": 11.675064652054399, "psnr_db": 37.4582106666593, "changed_value_fraction": 0.5719672309027778, "max_absolute_error": 93, "jpeg_equal": false}, "global_rng_unchanged": true, "encoded_and_decoded_tensors_finite": true, "pixel_sha256": "c52ff6cc0ef1199255fb209e2ad62434d97645636ac0eb755410139a68aedb47"}
{"phase": "quality", "variant": "image_ff_both", "fixture": "512x288-prompt0-seed123-phase0", "comparison": {"pixels_equal": false, "mse": 244.3663488317419, "psnr_db": 24.250389609459404, "changed_value_fraction": 0.8962289315682871, "max_absolute_error": 203, "jpeg_equal": false}, "global_rng_unchanged": true, "encoded_and_decoded_tensors_finite": true, "pixel_sha256": "41e6b0357343c6bee147ad3f37c630df0139a897397b94922456cd463f29fd91"}
{"phase": "quality", "variant": "image_ff_both", "fixture": "512x288-prompt0-seed123-phase2", "comparison": {"pixels_equal": false, "mse": 274.04188820167826, "psnr_db": 23.752634096371736, "changed_value_fraction": 0.9001826533564815, "max_absolute_error": 195, "jpeg_equal": false}, "global_rng_unchanged": true, "encoded_and_decoded_tensors_finite": true, "pixel_sha256": "0330b77c2ea802e3942c6f4b5db19837330bd27e64bd5a2b9d30f761d8443f83"}
{"phase": "quality", "variant": "image_ff_both", "fixture": "512x288-prompt0-seed123-phase4", "comparison": {"pixels_equal": false, "mse": 382.32671214916087, "psnr_db": 22.30645718790008, "changed_value_fraction": 0.7936491789641203, "max_absolute_error": 181, "jpeg_equal": false}, "global_rng_unchanged": true, "encoded_and_decoded_tensors_finite": true, "pixel_sha256": "5b701a7157e70f9ea82606c336400d15184a3a994ff5e9d3f0cc3626e3aaf022"}
{"phase": "quality", "variant": "image_ff_both", "fixture": "512x288-prompt1-seed42-phase0", "comparison": {"pixels_equal": false, "mse": 826.751953125, "psnr_db": 18.957051313004246, "changed_value_fraction": 0.6662303783275463, "max_absolute_error": 187, "jpeg_equal": false}, "global_rng_unchanged": true, "encoded_and_decoded_tensors_finite": true, "pixel_sha256": "ad1b71a96815a365f485edb112450ff0886102dbf6f5a54e15282e363ecd6f4e"}
{"phase": "quality", "variant": "image_ff_both", "fixture": "512x288-prompt1-seed42-phase2", "comparison": {"pixels_equal": false, "mse": 116.99183033130787, "psnr_db": 27.449248253261157, "changed_value_fraction": 0.5977783203125, "max_absolute_error": 166, "jpeg_equal": false}, "global_rng_unchanged": true, "encoded_and_decoded_tensors_finite": true, "pixel_sha256": "abaa5a0869c7ab6b1ac1ebde4379c70e76665e3940d4b585cf785c2b925a8205"}
{"phase": "quality", "variant": "image_ff_both", "fixture": "512x288-prompt1-seed42-phase4", "comparison": {"pixels_equal": false, "mse": 72.45708098234954, "psnr_db": 29.529995268745193, "changed_value_fraction": 0.6186071325231481, "max_absolute_error": 99, "jpeg_equal": false}, "global_rng_unchanged": true, "encoded_and_decoded_tensors_finite": true, "pixel_sha256": "696587340cca48fd4dd48e58b05f35e6eb89f16aa81f02ca3f6edac86fc40a00"}
{"phase": "quality", "variant": "image_ff_both", "fixture": "512x288-prompt1-seed123-phase0", "comparison": {"pixels_equal": false, "mse": 376.372723614728, "psnr_db": 22.374622190479965, "changed_value_fraction": 0.6608705873842593, "max_absolute_error": 171, "jpeg_equal": false}, "global_rng_unchanged": true, "encoded_and_decoded_tensors_finite": true, "pixel_sha256": "d9d070e1613147c21705b2639db5037ff3674022d0f5cfcff28d02d156055abb"}
{"phase": "quality", "variant": "image_ff_both", "fixture": "512x288-prompt1-seed123-phase2", "comparison": {"pixels_equal": false, "mse": 103.01020643446181, "psnr_db": 28.002001033611403, "changed_value_fraction": 0.6303213614004629, "max_absolute_error": 119, "jpeg_equal": false}, "global_rng_unchanged": true, "encoded_and_decoded_tensors_finite": true, "pixel_sha256": "5c8a0403c951d9c7d609a6322e7be724b2a51f5eb6ccc2a01251185f2cd1e7c1"}
{"phase": "quality", "variant": "image_ff_both", "fixture": "512x288-prompt1-seed123-phase4", "comparison": {"pixels_equal": false, "mse": 59.600576895254626, "psnr_db": 30.378298974160437, "changed_value_fraction": 0.6218736436631944, "max_absolute_error": 91, "jpeg_equal": false}, "global_rng_unchanged": true, "encoded_and_decoded_tensors_finite": true, "pixel_sha256": "52e595773688031489291e0ff3b8610b1d4c78762d0597fe69d045b077b4c483"}
{"phase": "quality", "variant": "image_ff_both", "fixture": "512x288-prompt2-seed42-phase0", "comparison": {"pixels_equal": false, "mse": 110.92659731264467, "psnr_db": 27.68044669712603, "changed_value_fraction": 0.3243430808738426, "max_absolute_error": 226, "jpeg_equal": false}, "global_rng_unchanged": true, "encoded_and_decoded_tensors_finite": true, "pixel_sha256": "0649db53d21c53d1508fd45dbdcb5ada5c33c3c1d812becc8217a88dd080f0de"}
{"phase": "quality", "variant": "image_ff_both", "fixture": "512x288-prompt2-seed42-phase2", "comparison": {"pixels_equal": false, "mse": 68.43936722366898, "psnr_db": 29.77774375377855, "changed_value_fraction": 0.22133608217592593, "max_absolute_error": 208, "jpeg_equal": false}, "global_rng_unchanged": true, "encoded_and_decoded_tensors_finite": true, "pixel_sha256": "3ee42c724e44da47aac5dd2b0b90a839aa1d6199476ec8abf9dffa23083aa3f0"}
{"phase": "quality", "variant": "image_ff_both", "fixture": "512x288-prompt2-seed42-phase4", "comparison": {"pixels_equal": false, "mse": 46.16843894675926, "psnr_db": 31.48735170489822, "changed_value_fraction": 0.3688399703414352, "max_absolute_error": 150, "jpeg_equal": false}, "global_rng_unchanged": true, "encoded_and_decoded_tensors_finite": true, "pixel_sha256": "3804c6d2398221b3adaabed6de3742ae24b33bed9ad20bce0cad2de22fbbaed8"}
{"phase": "quality", "variant": "image_ff_both", "fixture": "512x288-prompt2-seed123-phase0", "comparison": {"pixels_equal": false, "mse": 135.7755285192419, "psnr_db": 26.80258858867111, "changed_value_fraction": 0.3340047200520833, "max_absolute_error": 237, "jpeg_equal": false}, "global_rng_unchanged": true, "encoded_and_decoded_tensors_finite": true, "pixel_sha256": "7375ec7c99cd88bf3ba5e0fddc4ff637a485e722da5e21b2a2e978469e26a14e"}
{"phase": "quality", "variant": "image_ff_both", "fixture": "512x288-prompt2-seed123-phase2", "comparison": {"pixels_equal": false, "mse": 56.1282642505787, "psnr_db": 30.638987488647253, "changed_value_fraction": 0.26291458695023145, "max_absolute_error": 197, "jpeg_equal": false}, "global_rng_unchanged": true, "encoded_and_decoded_tensors_finite": true, "pixel_sha256": "80637e28446f35324acfe57566468ddc1465e9d01b4cdc3f2066752a5ed40ee7"}
{"phase": "quality", "variant": "image_ff_both", "fixture": "512x288-prompt2-seed123-phase4", "comparison": {"pixels_equal": false, "mse": 109.41184262876158, "psnr_db": 27.740160287245608, "changed_value_fraction": 0.4092090747974537, "max_absolute_error": 244, "jpeg_equal": false}, "global_rng_unchanged": true, "encoded_and_decoded_tensors_finite": true, "pixel_sha256": "415fe22c5466e845f7802a3d4799a12e57613c991482e7b07d06bf9d21980d8c"}
{"phase": "temporal", "variant": "image_ff_both", "resolution": [512, 288], "frames": 12, "directory": "clip-512x288-image_ff_both"}
{"phase": "timing", "variant": "fp8", "candidate_pair": "image_ff_in", "pair": 0, "resolution": [512, 288], "frames": 100, "fps": 42.79439959212025, "wall_elapsed_ms": 2336.754363961518, "median_ms": 22.887907456606627, "p95_ms": 24.5526836020872, "maximum_ms": 43.62884536385536}
{"phase": "timing", "variant": "image_ff_in", "candidate_pair": "image_ff_in", "pair": 0, "resolution": [512, 288], "frames": 100, "fps": 43.090478337167056, "wall_elapsed_ms": 2320.6983041018248, "median_ms": 23.206794867292047, "p95_ms": 23.590207262896, "maximum_ms": 31.203442718833685}
{"phase": "timing", "variant": "image_ff_in", "candidate_pair": "image_ff_in", "pair": 1, "resolution": [512, 288], "frames": 100, "fps": 40.004972725831664, "wall_elapsed_ms": 2499.6892432682216, "median_ms": 23.516403045505285, "p95_ms": 36.55215301550925, "maximum_ms": 41.065298952162266}
{"phase": "timing", "variant": "fp8", "candidate_pair": "image_ff_in", "pair": 1, "resolution": [512, 288], "frames": 100, "fps": 41.988801938643476, "wall_elapsed_ms": 2381.587360985577, "median_ms": 23.6261454410851, "p95_ms": 25.05105717573315, "maximum_ms": 34.96106807142496}
{"phase": "timing", "variant": "fp8", "candidate_pair": "image_ff_in", "pair": 2, "resolution": [512, 288], "frames": 100, "fps": 43.44782008299516, "wall_elapsed_ms": 2301.6114458441734, "median_ms": 22.960128961130977, "p95_ms": 23.553519183769822, "maximum_ms": 24.436021223664284}
{"phase": "timing", "variant": "image_ff_in", "candidate_pair": "image_ff_in", "pair": 2, "resolution": [512, 288], "frames": 100, "fps": 43.876822916457826, "wall_elapsed_ms": 2279.1075869463384, "median_ms": 22.63311017304659, "p95_ms": 23.31952180247754, "maximum_ms": 28.44724105671048}
{"phase": "timing", "variant": "fp8", "candidate_pair": "image_ff_both", "pair": 0, "resolution": [512, 288], "frames": 100, "fps": 43.65154770590683, "wall_elapsed_ms": 2290.869516786188, "median_ms": 22.81921054236591, "p95_ms": 23.32066132221371, "maximum_ms": 24.029639083892107}
{"phase": "timing", "variant": "image_ff_both", "candidate_pair": "image_ff_both", "pair": 0, "resolution": [512, 288], "frames": 100, "fps": 44.180568807575504, "wall_elapsed_ms": 2263.438491150737, "median_ms": 22.574452916160226, "p95_ms": 23.074348783120513, "maximum_ms": 23.297484032809734}
{"phase": "timing", "variant": "image_ff_both", "candidate_pair": "image_ff_both", "pair": 1, "resolution": [512, 288], "frames": 100, "fps": 43.17056998885347, "wall_elapsed_ms": 2316.3928580470383, "median_ms": 22.860892582684755, "p95_ms": 23.488853638991714, "maximum_ms": 35.84146173670888}
{"phase": "timing", "variant": "fp8", "candidate_pair": "image_ff_both", "pair": 1, "resolution": [512, 288], "frames": 100, "fps": 43.39133099772518, "wall_elapsed_ms": 2304.607803002, "median_ms": 23.022747365757823, "p95_ms": 23.557309713214636, "maximum_ms": 23.613672237843275}
{"phase": "timing", "variant": "fp8", "candidate_pair": "image_ff_both", "pair": 2, "resolution": [512, 288], "frames": 100, "fps": 43.384158785256865, "wall_elapsed_ms": 2304.9887977540493, "median_ms": 22.887842264026403, "p95_ms": 24.44278080947697, "maximum_ms": 24.735454004257917}
{"phase": "timing", "variant": "image_ff_both", "candidate_pair": "image_ff_both", "pair": 2, "resolution": [512, 288], "frames": 100, "fps": 43.49435852699224, "wall_elapsed_ms": 2299.1487490944564, "median_ms": 22.94046524912119, "p95_ms": 23.532621026970446, "maximum_ms": 23.66570895537734}
{"phase": "control-return", "resolution": [512, 288], "pixels_equal": true, "jpeg_equal": true}
/usr/local/lib/python3.12/dist-packages/diffusers/schedulers/scheduling_flow_match_euler_discrete.py:649: RuntimeWarning: divide by zero encountered in divide
  return math.exp(mu) / (math.exp(mu) + (1 / t - 1) ** sigma)
/usr/local/lib/python3.12/dist-packages/diffusers/schedulers/scheduling_flow_match_euler_discrete.py:649: RuntimeWarning: divide by zero encountered in divide
  return math.exp(mu) / (math.exp(mu) + (1 / t - 1) ** sigma)
{"phase": "warmup", "variant": "fp8", "resolution": [768, 448], "seconds": 111.49996576830745, "memory_scope": "comparison process with retained FP8 and NVFP4 alternatives; not deployment footprint", "memory_allocated_bytes": 12575476224, "memory_reserved_bytes": 13633585152}
USDT:2026-09-18 10:02:28 18244:18244 SyncActivityProfilerHandler.cpp:52] profiler_start
USDT:2026-09-18 10:02:28 18244:18244 SyncActivityProfilerHandler.cpp:59] profiler_stop
{"phase": "compiled-native-proof", "variant": "fp8", "resolution": [768, 448], "native_gpu_launches": 0, "expected_native_gpu_launches": 0, "cpu_custom_op_events": 0, "cpu_event_note": "May be zero on valid CUDA graph replay", "native_kernel_names": [], "trace": "profile-768x448-fp8.json.gz"}
{"phase": "quality", "variant": "fp8", "fixture": "768x448-prompt0-seed42-phase0", "comparison": {"control": true}, "global_rng_unchanged": true, "encoded_and_decoded_tensors_finite": true, "pixel_sha256": "52fc51f532362f8e188c285e5706fb40b75df20069f373fcbb3cf7f8de4cea92"}
{"phase": "quality", "variant": "fp8", "fixture": "768x448-prompt0-seed42-phase2", "comparison": {"control": true}, "global_rng_unchanged": true, "encoded_and_decoded_tensors_finite": true, "pixel_sha256": "62319328a3f43750ce3f50976284a6111cb33e873f5dd01ccf3979034100b07e"}
{"phase": "quality", "variant": "fp8", "fixture": "768x448-prompt0-seed42-phase4", "comparison": {"control": true}, "global_rng_unchanged": true, "encoded_and_decoded_tensors_finite": true, "pixel_sha256": "f37d588fdc06f8c2a0ffe293d66f3a79774850dd833654bcebd65017552a567e"}
{"phase": "quality", "variant": "fp8", "fixture": "768x448-prompt0-seed123-phase0", "comparison": {"control": true}, "global_rng_unchanged": true, "encoded_and_decoded_tensors_finite": true, "pixel_sha256": "9171ecc2462d7826ec12ae7c7ce03aed6d56e01e0f8e01b9b6a7f1a7b2e98640"}
{"phase": "quality", "variant": "fp8", "fixture": "768x448-prompt0-seed123-phase2", "comparison": {"control": true}, "global_rng_unchanged": true, "encoded_and_decoded_tensors_finite": true, "pixel_sha256": "0a3f3bd2b16a42bd2824018ab6951746f42cf3c41efac4afdd96e359b8318105"}
{"phase": "quality", "variant": "fp8", "fixture": "768x448-prompt0-seed123-phase4", "comparison": {"control": true}, "global_rng_unchanged": true, "encoded_and_decoded_tensors_finite": true, "pixel_sha256": "3c5b99de2c639bdc2664ad22e341f8fc0b60246c8c7b335b986be1361aed4d8e"}
{"phase": "quality", "variant": "fp8", "fixture": "768x448-prompt1-seed42-phase0", "comparison": {"control": true}, "global_rng_unchanged": true, "encoded_and_decoded_tensors_finite": true, "pixel_sha256": "7f9b9f7f948421e4007f5e8f9580299dada9b19f1aba0f3943ebe7017d6dd397"}
{"phase": "quality", "variant": "fp8", "fixture": "768x448-prompt1-seed42-phase2", "comparison": {"control": true}, "global_rng_unchanged": true, "encoded_and_decoded_tensors_finite": true, "pixel_sha256": "0e1f377d2961b0ef1570a46e4a99ca66039c5485742ef175a0445514f47e990e"}
{"phase": "quality", "variant": "fp8", "fixture": "768x448-prompt1-seed42-phase4", "comparison": {"control": true}, "global_rng_unchanged": true, "encoded_and_decoded_tensors_finite": true, "pixel_sha256": "b9773259b9f4fa268c314afd188eba1e1470182a55b648601849e3d918c852af"}
{"phase": "quality", "variant": "fp8", "fixture": "768x448-prompt1-seed123-phase0", "comparison": {"control": true}, "global_rng_unchanged": true, "encoded_and_decoded_tensors_finite": true, "pixel_sha256": "059747fd25b2b75d565bf5ab53d9719b5cb487fac770ce7eb5537d9d1e082965"}
{"phase": "quality", "variant": "fp8", "fixture": "768x448-prompt1-seed123-phase2", "comparison": {"control": true}, "global_rng_unchanged": true, "encoded_and_decoded_tensors_finite": true, "pixel_sha256": "7016e5f1580c0dc14ed2e3ffcb0045fb5bbbcff1b9d921979b34d080c382f3ea"}
{"phase": "quality", "variant": "fp8", "fixture": "768x448-prompt1-seed123-phase4", "comparison": {"control": true}, "global_rng_unchanged": true, "encoded_and_decoded_tensors_finite": true, "pixel_sha256": "d757e1c9f99514321720993e17a753d4ae8aba26bd7da17b32286947bff6a3c2"}
{"phase": "quality", "variant": "fp8", "fixture": "768x448-prompt2-seed42-phase0", "comparison": {"control": true}, "global_rng_unchanged": true, "encoded_and_decoded_tensors_finite": true, "pixel_sha256": "88aca0e79f630069daec7c8bbd98454c909a20d1dd2a4120cc34d661a21bbd49"}
{"phase": "quality", "variant": "fp8", "fixture": "768x448-prompt2-seed42-phase2", "comparison": {"control": true}, "global_rng_unchanged": true, "encoded_and_decoded_tensors_finite": true, "pixel_sha256": "b82c3fe4d10dbd66f50b27b641d43eb2e608783f8c4ef2538c381aeecc15cebc"}
{"phase": "quality", "variant": "fp8", "fixture": "768x448-prompt2-seed42-phase4", "comparison": {"control": true}, "global_rng_unchanged": true, "encoded_and_decoded_tensors_finite": true, "pixel_sha256": "f3b29e567099af9be8670ecdcd181d32932031fbe57e7a5a322814476bfcf71e"}
{"phase": "quality", "variant": "fp8", "fixture": "768x448-prompt2-seed123-phase0", "comparison": {"control": true}, "global_rng_unchanged": true, "encoded_and_decoded_tensors_finite": true, "pixel_sha256": "ea858baadefb5b5c77818a7cab54d67dea33993f68a2901458192b1a1491e0f1"}
{"phase": "quality", "variant": "fp8", "fixture": "768x448-prompt2-seed123-phase2", "comparison": {"control": true}, "global_rng_unchanged": true, "encoded_and_decoded_tensors_finite": true, "pixel_sha256": "3782d6da375c6b08acfc9c9cd31721f3d5f90ccf30b41d34a3651df20252e65a"}
{"phase": "quality", "variant": "fp8", "fixture": "768x448-prompt2-seed123-phase4", "comparison": {"control": true}, "global_rng_unchanged": true, "encoded_and_decoded_tensors_finite": true, "pixel_sha256": "85b7692db3c5d3e6972b6f27b0c7c72f6383806acccd6f0ebc5a3c7522d09f06"}
{"phase": "temporal", "variant": "fp8", "resolution": [768, 448], "frames": 12, "directory": "clip-768x448-fp8"}
/usr/local/lib/python3.12/dist-packages/diffusers/schedulers/scheduling_flow_match_euler_discrete.py:649: RuntimeWarning: divide by zero encountered in divide
  return math.exp(mu) / (math.exp(mu) + (1 / t - 1) ** sigma)
/usr/local/lib/python3.12/dist-packages/diffusers/schedulers/scheduling_flow_match_euler_discrete.py:649: RuntimeWarning: divide by zero encountered in divide
  return math.exp(mu) / (math.exp(mu) + (1 / t - 1) ** sigma)
{"phase": "warmup", "variant": "image_ff_in", "resolution": [768, 448], "seconds": 90.55043866718188, "memory_scope": "comparison process with retained FP8 and NVFP4 alternatives; not deployment footprint", "memory_allocated_bytes": 12575477248, "memory_reserved_bytes": 13633585152}
USDT:2026-09-18 10:04:02 18244:18244 SyncActivityProfilerHandler.cpp:52] profiler_start
USDT:2026-09-18 10:04:02 18244:18244 SyncActivityProfilerHandler.cpp:59] profiler_stop
{"phase": "compiled-native-proof", "variant": "image_ff_in", "resolution": [768, 448], "native_gpu_launches": 5, "expected_native_gpu_launches": 5, "cpu_custom_op_events": 0, "cpu_event_note": "May be zero on valid CUDA graph replay", "native_kernel_names": ["kernel_cutlass_kernel_flashinfergemmkernelsdense_blockscaled_gemm_sm120_b12xDenseGemmKernel_object_at__CopyAtom_ThrID10_TVLayoutSrc11638401_TVLayoutDst11638401_Valuetypef4E2M1FN_tensor00o_0"], "trace": "profile-768x448-image_ff_in.json.gz"}
{"phase": "quality", "variant": "image_ff_in", "fixture": "768x448-prompt0-seed42-phase0", "comparison": {"pixels_equal": false, "mse": 0.23881409660218253, "psnr_db": 54.35020402330795, "changed_value_fraction": 0.16692630828373015, "max_absolute_error": 22, "jpeg_equal": false}, "global_rng_unchanged": true, "encoded_and_decoded_tensors_finite": true, "pixel_sha256": "112566af9936354a8dfcc56629d7d7395ca4a47947ae2e4060157afc928685b3"}
{"phase": "quality", "variant": "image_ff_in", "fixture": "768x448-prompt0-seed42-phase2", "comparison": {"pixels_equal": false, "mse": 155.90575009300596, "psnr_db": 26.20218227798305, "changed_value_fraction": 0.7032131618923612, "max_absolute_error": 211, "jpeg_equal": false}, "global_rng_unchanged": true, "encoded_and_decoded_tensors_finite": true, "pixel_sha256": "e5b593fbc1c5177c323c8341c0953984ccc26aa9c7cbf5d19c01e266f0e73ba6"}
{"phase": "quality", "variant": "image_ff_in", "fixture": "768x448-prompt0-seed42-phase4", "comparison": {"pixels_equal": false, "mse": 6.187628851996528, "psnr_db": 40.21556105026743, "changed_value_fraction": 0.3760133773561508, "max_absolute_error": 144, "jpeg_equal": false}, "global_rng_unchanged": true, "encoded_and_decoded_tensors_finite": true, "pixel_sha256": "f6b75eee6fee192f3fd3a8ca7ff406156959f6a85ff2da9747a40f9242e9f9f2"}
{"phase": "quality", "variant": "image_ff_in", "fixture": "768x448-prompt0-seed123-phase0", "comparison": {"pixels_equal": false, "mse": 9.526148235987103, "psnr_db": 38.341630256018156, "changed_value_fraction": 0.507172115265377, "max_absolute_error": 73, "jpeg_equal": false}, "global_rng_unchanged": true, "encoded_and_decoded_tensors_finite": true, "pixel_sha256": "5336dfacb0519d072de6077538b13b6d60872043e7bc1c2d4e9ca7ce92d2f538"}
{"phase": "quality", "variant": "image_ff_in", "fixture": "768x448-prompt0-seed123-phase2", "comparison": {"pixels_equal": false, "mse": 165.15506804935515, "psnr_db": 25.951884556100953, "changed_value_fraction": 0.7175215463789683, "max_absolute_error": 213, "jpeg_equal": false}, "global_rng_unchanged": true, "encoded_and_decoded_tensors_finite": true, "pixel_sha256": "09db10db07ed83eb2168aaf4a48499415fb485ffe483a180269a01aeb917d5ea"}
{"phase": "quality", "variant": "image_ff_in", "fixture": "768x448-prompt0-seed123-phase4", "comparison": {"pixels_equal": false, "mse": 6.850490025111607, "psnr_db": 39.77358722573981, "changed_value_fraction": 0.5738709464905754, "max_absolute_error": 141, "jpeg_equal": false}, "global_rng_unchanged": true, "encoded_and_decoded_tensors_finite": true, "pixel_sha256": "6e3745a6647dc7d0b4793e3b9fbca1e34264f779d023fc2b9b40b8d759f655df"}
{"phase": "quality", "variant": "image_ff_in", "fixture": "768x448-prompt1-seed42-phase0", "comparison": {"pixels_equal": false, "mse": 0.6837419782366071, "psnr_db": 49.78188116704504, "changed_value_fraction": 0.14255584232390872, "max_absolute_error": 37, "jpeg_equal": false}, "global_rng_unchanged": true, "encoded_and_decoded_tensors_finite": true, "pixel_sha256": "629e7f2ba47d5bc9b63dc07796e9b5126ac35e2a50e586b9e42e4bd67ecce9f3"}
{"phase": "quality", "variant": "image_ff_in", "fixture": "768x448-prompt1-seed42-phase2", "comparison": {"pixels_equal": false, "mse": 48.69446478949653, "psnr_db": 31.256007640886292, "changed_value_fraction": 0.4388359917534722, "max_absolute_error": 139, "jpeg_equal": false}, "global_rng_unchanged": true, "encoded_and_decoded_tensors_finite": true, "pixel_sha256": "07a16b3c104ac646344723991e0e5de04213a0f97e7f577506809e4adeeb85b4"}
{"phase": "quality", "variant": "image_ff_in", "fixture": "768x448-prompt1-seed42-phase4", "comparison": {"pixels_equal": false, "mse": 49.23270961216518, "psnr_db": 31.208266222467287, "changed_value_fraction": 0.6067233615451388, "max_absolute_error": 169, "jpeg_equal": false}, "global_rng_unchanged": true, "encoded_and_decoded_tensors_finite": true, "pixel_sha256": "84790e7c3766f06ed3902d2aa17fde6aeabe814b546fb918b6d656710fe072e9"}
{"phase": "quality", "variant": "image_ff_in", "fixture": "768x448-prompt1-seed123-phase0", "comparison": {"pixels_equal": false, "mse": 4.186424618675595, "psnr_db": 41.912370852180125, "changed_value_fraction": 0.31237017919146826, "max_absolute_error": 56, "jpeg_equal": false}, "global_rng_unchanged": true, "encoded_and_decoded_tensors_finite": true, "pixel_sha256": "df4942a3c174786acd62f2f6630322954fabe390c1faa02b7a04490c6451e60f"}
{"phase": "quality", "variant": "image_ff_in", "fixture": "768x448-prompt1-seed123-phase2", "comparison": {"pixels_equal": false, "mse": 70.45133851066468, "psnr_db": 29.65191112148249, "changed_value_fraction": 0.39053586929563494, "max_absolute_error": 208, "jpeg_equal": false}, "global_rng_unchanged": true, "encoded_and_decoded_tensors_finite": true, "pixel_sha256": "445bd75d3bdf9bb79cae283727ebc4b5b67a31876c9706b4bc58719386a71873"}
{"phase": "quality", "variant": "image_ff_in", "fixture": "768x448-prompt1-seed123-phase4", "comparison": {"pixels_equal": false, "mse": 16.629510788690474, "psnr_db": 35.92200887649432, "changed_value_fraction": 0.615599617125496, "max_absolute_error": 76, "jpeg_equal": false}, "global_rng_unchanged": true, "encoded_and_decoded_tensors_finite": true, "pixel_sha256": "3d905f42cea00f06e518d6f2aa3ae198118bfd8ea81ae25717825ae62102ef08"}
{"phase": "quality", "variant": "image_ff_in", "fixture": "768x448-prompt2-seed42-phase0", "comparison": {"pixels_equal": false, "mse": 20.960511222718253, "psnr_db": 34.91678490070629, "changed_value_fraction": 0.1943146236359127, "max_absolute_error": 197, "jpeg_equal": false}, "global_rng_unchanged": true, "encoded_and_decoded_tensors_finite": true, "pixel_sha256": "4dc5a7e71b2df73e2f430e3685e5b0b45d7c3c2c379abde67914411140126861"}
{"phase": "quality", "variant": "image_ff_in", "fixture": "768x448-prompt2-seed42-phase2", "comparison": {"pixels_equal": false, "mse": 42.725451272631446, "psnr_db": 31.82393702367385, "changed_value_fraction": 0.2392035590277778, "max_absolute_error": 215, "jpeg_equal": false}, "global_rng_unchanged": true, "encoded_and_decoded_tensors_finite": true, "pixel_sha256": "0a6e7e470a0b481a484364ccd7c718e348bad75eea42b7c5e5e20c753dfc6a02"}
{"phase": "quality", "variant": "image_ff_in", "fixture": "768x448-prompt2-seed42-phase4", "comparison": {"pixels_equal": false, "mse": 20.35529242621528, "psnr_db": 35.044030149886794, "changed_value_fraction": 0.3789808485243056, "max_absolute_error": 217, "jpeg_equal": false}, "global_rng_unchanged": true, "encoded_and_decoded_tensors_finite": true, "pixel_sha256": "5d9ec86107c79d2a0f73873e0d041e6d84cdad30a4b768b0e6c0fd0f92686eb2"}
{"phase": "quality", "variant": "image_ff_in", "fixture": "768x448-prompt2-seed123-phase0", "comparison": {"pixels_equal": false, "mse": 33.858091324094744, "psnr_db": 32.834178888072636, "changed_value_fraction": 0.2910853794642857, "max_absolute_error": 194, "jpeg_equal": false}, "global_rng_unchanged": true, "encoded_and_decoded_tensors_finite": true, "pixel_sha256": "4e26c0c66d47d7a2dd1ab5492366fead548325a738ff1e1c2febb4a13fd9aa86"}
{"phase": "quality", "variant": "image_ff_in", "fixture": "768x448-prompt2-seed123-phase2", "comparison": {"pixels_equal": false, "mse": 83.61800517733136, "psnr_db": 28.907805582228896, "changed_value_fraction": 0.29565235925099204, "max_absolute_error": 254, "jpeg_equal": false}, "global_rng_unchanged": true, "encoded_and_decoded_tensors_finite": true, "pixel_sha256": "34cee67e3d475eef04e19bacb78e42f3617235cd1dac5ba2755e4490cf5148c0"}
{"phase": "quality", "variant": "image_ff_in", "fixture": "768x448-prompt2-seed123-phase4", "comparison": {"pixels_equal": false, "mse": 31.614530048673114, "psnr_db": 33.13193630476541, "changed_value_fraction": 0.48560151599702384, "max_absolute_error": 102, "jpeg_equal": false}, "global_rng_unchanged": true, "encoded_and_decoded_tensors_finite": true, "pixel_sha256": "0f5be58896e621bd1a3562e41c8ecd74ea4d6b21c7fb4f7c16adbca236738819"}
{"phase": "temporal", "variant": "image_ff_in", "resolution": [768, 448], "frames": 12, "directory": "clip-768x448-image_ff_in"}
/usr/local/lib/python3.12/dist-packages/diffusers/schedulers/scheduling_flow_match_euler_discrete.py:649: RuntimeWarning: divide by zero encountered in divide
  return math.exp(mu) / (math.exp(mu) + (1 / t - 1) ** sigma)
/usr/local/lib/python3.12/dist-packages/diffusers/schedulers/scheduling_flow_match_euler_discrete.py:649: RuntimeWarning: divide by zero encountered in divide
  return math.exp(mu) / (math.exp(mu) + (1 / t - 1) ** sigma)
{"phase": "warmup", "variant": "image_ff_both", "resolution": [768, 448], "seconds": 82.51498825615272, "memory_scope": "comparison process with retained FP8 and NVFP4 alternatives; not deployment footprint", "memory_allocated_bytes": 12575478272, "memory_reserved_bytes": 13633585152}
USDT:2026-09-18 10:05:28 18244:18244 SyncActivityProfilerHandler.cpp:52] profiler_start
USDT:2026-09-18 10:05:28 18244:18244 SyncActivityProfilerHandler.cpp:59] profiler_stop
{"phase": "compiled-native-proof", "variant": "image_ff_both", "resolution": [768, 448], "native_gpu_launches": 10, "expected_native_gpu_launches": 10, "cpu_custom_op_events": 0, "cpu_event_note": "May be zero on valid CUDA graph replay", "native_kernel_names": ["kernel_cutlass_kernel_flashinfergemmkernelsdense_blockscaled_gemm_sm120_b12xDenseGemmKernel_object_at__CopyAtom_ThrID10_TVLayoutSrc11638401_TVLayoutDst11638401_Valuetypef4E2M1FN_tensor00o_0"], "trace": "profile-768x448-image_ff_both.json.gz"}
{"phase": "quality", "variant": "image_ff_both", "fixture": "768x448-prompt0-seed42-phase0", "comparison": {"pixels_equal": false, "mse": 2.1580025809151784, "psnr_db": 44.79028401115759, "changed_value_fraction": 0.20543367900545634, "max_absolute_error": 70, "jpeg_equal": false}, "global_rng_unchanged": true, "encoded_and_decoded_tensors_finite": true, "pixel_sha256": "3da26b4c2c223832c4b152168f24f054eab2b50e8814f724ed020d932e763750"}
{"phase": "quality", "variant": "image_ff_both", "fixture": "768x448-prompt0-seed42-phase2", "comparison": {"pixels_equal": false, "mse": 162.34746248759922, "psnr_db": 26.026348559332742, "changed_value_fraction": 0.7493973989335317, "max_absolute_error": 201, "jpeg_equal": false}, "global_rng_unchanged": true, "encoded_and_decoded_tensors_finite": true, "pixel_sha256": "f8e2772385ad291add8f3247919a05a2578d60683b257686a871262b457bf23a"}
{"phase": "quality", "variant": "image_ff_both", "fixture": "768x448-prompt0-seed42-phase4", "comparison": {"pixels_equal": false, "mse": 3.5305999271453374, "psnr_db": 42.65231852955634, "changed_value_fraction": 0.21996101500496032, "max_absolute_error": 117, "jpeg_equal": false}, "global_rng_unchanged": true, "encoded_and_decoded_tensors_finite": true, "pixel_sha256": "33798c9aefb1acf3831ff3395f5ad7b788245ca86e130b737ad7ef100b54e60c"}
{"phase": "quality", "variant": "image_ff_both", "fixture": "768x448-prompt0-seed123-phase0", "comparison": {"pixels_equal": false, "mse": 12.322704496837797, "psnr_db": 37.22374326809556, "changed_value_fraction": 0.44973609561011907, "max_absolute_error": 87, "jpeg_equal": false}, "global_rng_unchanged": true, "encoded_and_decoded_tensors_finite": true, "pixel_sha256": "e9e2bbf636e5522362c129d0c8e16ca6906e3e350b5b86d74fe12001107172ec"}
{"phase": "quality", "variant": "image_ff_both", "fixture": "768x448-prompt0-seed123-phase2", "comparison": {"pixels_equal": false, "mse": 171.19185674758185, "psnr_db": 25.795972585507382, "changed_value_fraction": 0.6811649383060516, "max_absolute_error": 232, "jpeg_equal": false}, "global_rng_unchanged": true, "encoded_and_decoded_tensors_finite": true, "pixel_sha256": "be1b1352b79f46ceae0afe659fda077859238ad710c97671dabd83380ae5b8b9"}
{"phase": "quality", "variant": "image_ff_both", "fixture": "768x448-prompt0-seed123-phase4", "comparison": {"pixels_equal": false, "mse": 7.299736870659722, "psnr_db": 39.4977315522418, "changed_value_fraction": 0.5084364149305556, "max_absolute_error": 132, "jpeg_equal": false}, "global_rng_unchanged": true, "encoded_and_decoded_tensors_finite": true, "pixel_sha256": "6b95fd88c4d5e95c5e9c4e0901e4337bb17c5b8ad28336df690925508923399c"}
{"phase": "quality", "variant": "image_ff_both", "fixture": "768x448-prompt1-seed42-phase0", "comparison": {"pixels_equal": false, "mse": 3.3229612320188493, "psnr_db": 42.915550863416826, "changed_value_fraction": 0.16398402622767858, "max_absolute_error": 58, "jpeg_equal": false}, "global_rng_unchanged": true, "encoded_and_decoded_tensors_finite": true, "pixel_sha256": "05eea77923e1a59a3f4c2f721638fb6f728432caeddc6c94467f1992676151f4"}
{"phase": "quality", "variant": "image_ff_both", "fixture": "768x448-prompt1-seed42-phase2", "comparison": {"pixels_equal": false, "mse": 49.17906649150546, "psnr_db": 31.213000800893628, "changed_value_fraction": 0.41747949993799605, "max_absolute_error": 155, "jpeg_equal": false}, "global_rng_unchanged": true, "encoded_and_decoded_tensors_finite": true, "pixel_sha256": "7be456370b3309a7a5fab472d65be65f0308c913d698294635816bbf7e97a25e"}
{"phase": "quality", "variant": "image_ff_both", "fixture": "768x448-prompt1-seed42-phase4", "comparison": {"pixels_equal": false, "mse": 39.01823013547867, "psnr_db": 32.21812794933651, "changed_value_fraction": 0.4243590339781746, "max_absolute_error": 133, "jpeg_equal": false}, "global_rng_unchanged": true, "encoded_and_decoded_tensors_finite": true, "pixel_sha256": "0989e04717a088b425a21b9d4b11f3f9a9c7515ee39925ee24241e687beff85f"}
{"phase": "quality", "variant": "image_ff_both", "fixture": "768x448-prompt1-seed123-phase0", "comparison": {"pixels_equal": false, "mse": 5.818691677517361, "psnr_db": 40.48255015583837, "changed_value_fraction": 0.3370884486607143, "max_absolute_error": 55, "jpeg_equal": false}, "global_rng_unchanged": true, "encoded_and_decoded_tensors_finite": true, "pixel_sha256": "400bd6d84b7d4f90163a6b010c6c42b3cde91db8f6841749d023bac2699b346f"}
{"phase": "quality", "variant": "image_ff_both", "fixture": "768x448-prompt1-seed123-phase2", "comparison": {"pixels_equal": false, "mse": 119.58230251736111, "psnr_db": 27.354134495078355, "changed_value_fraction": 0.41324094742063494, "max_absolute_error": 245, "jpeg_equal": false}, "global_rng_unchanged": true, "encoded_and_decoded_tensors_finite": true, "pixel_sha256": "1b3290475136b2bde088248f5c3ee33bd7b03ab2fe9d8a635cfa8c4950cf471b"}
{"phase": "quality", "variant": "image_ff_both", "fixture": "768x448-prompt1-seed123-phase4", "comparison": {"pixels_equal": false, "mse": 24.11477322048611, "psnr_db": 34.3079717877151, "changed_value_fraction": 0.6236940414186508, "max_absolute_error": 92, "jpeg_equal": false}, "global_rng_unchanged": true, "encoded_and_decoded_tensors_finite": true, "pixel_sha256": "ac59b734cdda2c7704888d911145e4d3f48f9d39cf689af2723bea4f0f61ed9f"}
{"phase": "quality", "variant": "image_ff_both", "fixture": "768x448-prompt2-seed42-phase0", "comparison": {"pixels_equal": false, "mse": 26.31117854042659, "psnr_db": 33.92940059261087, "changed_value_fraction": 0.1758577861483135, "max_absolute_error": 193, "jpeg_equal": false}, "global_rng_unchanged": true, "encoded_and_decoded_tensors_finite": true, "pixel_sha256": "892276f6a4440f3143e895f554a941e537aaaddc0e17427718c8bb0c3f263070"}
{"phase": "quality", "variant": "image_ff_both", "fixture": "768x448-prompt2-seed42-phase2", "comparison": {"pixels_equal": false, "mse": 68.84694320436508, "psnr_db": 29.75195698467381, "changed_value_fraction": 0.2131279839409722, "max_absolute_error": 243, "jpeg_equal": false}, "global_rng_unchanged": true, "encoded_and_decoded_tensors_finite": true, "pixel_sha256": "d40fff87c1df965262e6c02c441c4ba5b31f79f56c6ec992ca8db06162f232d2"}
{"phase": "quality", "variant": "image_ff_both", "fixture": "768x448-prompt2-seed42-phase4", "comparison": {"pixels_equal": false, "mse": 26.78416999937996, "psnr_db": 33.85202168074818, "changed_value_fraction": 0.41882517981150796, "max_absolute_error": 195, "jpeg_equal": false}, "global_rng_unchanged": true, "encoded_and_decoded_tensors_finite": true, "pixel_sha256": "cd8d7dbc66d26f97cd5ef68b91d0dac22bab376e704d07c313917dc731b82fa1"}
{"phase": "quality", "variant": "image_ff_both", "fixture": "768x448-prompt2-seed123-phase0", "comparison": {"pixels_equal": false, "mse": 33.56734309120784, "psnr_db": 32.87163393361092, "changed_value_fraction": 0.2506801060267857, "max_absolute_error": 154, "jpeg_equal": false}, "global_rng_unchanged": true, "encoded_and_decoded_tensors_finite": true, "pixel_sha256": "89b7c697ff8d1715d639072e498f56dabf7c5a3e5e8ee91f4a7336a101b76bd0"}
{"phase": "quality", "variant": "image_ff_both", "fixture": "768x448-prompt2-seed123-phase2", "comparison": {"pixels_equal": false, "mse": 65.79795231894842, "psnr_db": 29.948679826098676, "changed_value_fraction": 0.2492336697048611, "max_absolute_error": 228, "jpeg_equal": false}, "global_rng_unchanged": true, "encoded_and_decoded_tensors_finite": true, "pixel_sha256": "b62e7d383fdba2e3d182f4fd3547c33b7299458517d94715e08379ef76e397e2"}
{"phase": "quality", "variant": "image_ff_both", "fixture": "768x448-prompt2-seed123-phase4", "comparison": {"pixels_equal": false, "mse": 58.387425013950896, "psnr_db": 30.46761038329267, "changed_value_fraction": 0.4831426711309524, "max_absolute_error": 192, "jpeg_equal": false}, "global_rng_unchanged": true, "encoded_and_decoded_tensors_finite": true, "pixel_sha256": "76d9f306ad6b889c6755c2418c0cbf8c9f906153471f4fe852c2e548be5d7859"}
{"phase": "temporal", "variant": "image_ff_both", "resolution": [768, 448], "frames": 12, "directory": "clip-768x448-image_ff_both"}
{"phase": "timing", "variant": "fp8", "candidate_pair": "image_ff_in", "pair": 0, "resolution": [768, 448], "frames": 100, "fps": 22.03661194321366, "wall_elapsed_ms": 4537.90266206488, "median_ms": 45.363078359514475, "p95_ms": 46.275723818689585, "maximum_ms": 48.000519163906574}
{"phase": "timing", "variant": "image_ff_in", "candidate_pair": "image_ff_in", "pair": 0, "resolution": [768, 448], "frames": 100, "fps": 22.38457315560715, "wall_elapsed_ms": 4467.362379655242, "median_ms": 44.64138438925147, "p95_ms": 45.077939913608134, "maximum_ms": 45.65176088362932}
{"phase": "timing", "variant": "image_ff_in", "candidate_pair": "image_ff_in", "pair": 1, "resolution": [768, 448], "frames": 100, "fps": 22.281013934851117, "wall_elapsed_ms": 4488.12609212473, "median_ms": 44.70407753251493, "p95_ms": 45.79105817247182, "maximum_ms": 53.42925013974309}
{"phase": "timing", "variant": "fp8", "candidate_pair": "image_ff_in", "pair": 1, "resolution": [768, 448], "frames": 100, "fps": 21.977609258156665, "wall_elapsed_ms": 4550.085444934666, "median_ms": 45.10847618803382, "p95_ms": 45.733551704324775, "maximum_ms": 56.10806681215763}
{"phase": "timing", "variant": "fp8", "candidate_pair": "image_ff_in", "pair": 2, "resolution": [768, 448], "frames": 100, "fps": 22.232627198586634, "wall_elapsed_ms": 4497.8939783759415, "median_ms": 44.97095779515803, "p95_ms": 45.24850531015545, "maximum_ms": 45.378676149994135}
{"phase": "timing", "variant": "image_ff_in", "candidate_pair": "image_ff_in", "pair": 2, "resolution": [768, 448], "frames": 100, "fps": 22.26677446528889, "wall_elapsed_ms": 4490.996222011745, "median_ms": 44.570914935320616, "p95_ms": 44.94399349205196, "maximum_ms": 62.91194399818778}
{"phase": "timing", "variant": "fp8", "candidate_pair": "image_ff_both", "pair": 0, "resolution": [768, 448], "frames": 100, "fps": 22.269853916520002, "wall_elapsed_ms": 4490.37521192804, "median_ms": 44.799468480050564, "p95_ms": 45.18544687889516, "maximum_ms": 52.80573572963476}
{"phase": "timing", "variant": "image_ff_both", "candidate_pair": "image_ff_both", "pair": 0, "resolution": [768, 448], "frames": 100, "fps": 22.021190586503575, "wall_elapsed_ms": 4541.080538183451, "median_ms": 45.29987019486725, "p95_ms": 46.5415570884943, "maximum_ms": 51.679328083992004}
{"phase": "timing", "variant": "image_ff_both", "candidate_pair": "image_ff_both", "pair": 1, "resolution": [768, 448], "frames": 100, "fps": 22.274633911184758, "wall_elapsed_ms": 4489.411605987698, "median_ms": 44.521647272631526, "p95_ms": 46.33548592682928, "maximum_ms": 58.06264188140631}
{"phase": "timing", "variant": "fp8", "candidate_pair": "image_ff_both", "pair": 1, "resolution": [768, 448], "frames": 100, "fps": 22.040016018409457, "wall_elapsed_ms": 4537.201784085482, "median_ms": 45.132486848160625, "p95_ms": 45.48286919016391, "maximum_ms": 55.03534805029631}
{"phase": "timing", "variant": "fp8", "candidate_pair": "image_ff_both", "pair": 2, "resolution": [768, 448], "frames": 100, "fps": 22.166312590784987, "wall_elapsed_ms": 4511.350256856531, "median_ms": 45.00537901185453, "p95_ms": 45.33615817781538, "maximum_ms": 53.58831491321325}
{"phase": "timing", "variant": "image_ff_both", "candidate_pair": "image_ff_both", "pair": 2, "resolution": [768, 448], "frames": 100, "fps": 22.269629915575354, "wall_elapsed_ms": 4490.420378744602, "median_ms": 44.73105212673545, "p95_ms": 45.12368666473776, "maximum_ms": 53.178898990154266}
{"phase": "control-return", "resolution": [768, 448], "pixels_equal": true, "jpeg_equal": true}
/usr/local/lib/python3.12/dist-packages/diffusers/schedulers/scheduling_flow_match_euler_discrete.py:649: RuntimeWarning: divide by zero encountered in divide
  return math.exp(mu) / (math.exp(mu) + (1 / t - 1) ** sigma)
/usr/local/lib/python3.12/dist-packages/diffusers/schedulers/scheduling_flow_match_euler_discrete.py:649: RuntimeWarning: divide by zero encountered in divide
  return math.exp(mu) / (math.exp(mu) + (1 / t - 1) ** sigma)
{"phase": "warmup", "variant": "fp8", "resolution": [1024, 576], "seconds": 110.89750011404976, "memory_scope": "comparison process with retained FP8 and NVFP4 alternatives; not deployment footprint", "memory_allocated_bytes": 12575481344, "memory_reserved_bytes": 14845739008}
USDT:2026-09-18 10:08:19 18244:18244 SyncActivityProfilerHandler.cpp:52] profiler_start
USDT:2026-09-18 10:08:19 18244:18244 SyncActivityProfilerHandler.cpp:59] profiler_stop
{"phase": "compiled-native-proof", "variant": "fp8", "resolution": [1024, 576], "native_gpu_launches": 0, "expected_native_gpu_launches": 0, "cpu_custom_op_events": 0, "cpu_event_note": "May be zero on valid CUDA graph replay", "native_kernel_names": [], "trace": "profile-1024x576-fp8.json.gz"}
{"phase": "quality", "variant": "fp8", "fixture": "1024x576-prompt0-seed42-phase0", "comparison": {"control": true}, "global_rng_unchanged": true, "encoded_and_decoded_tensors_finite": true, "pixel_sha256": "a7b2aaf5f5bd5b811d9aa7a73c55db1511364b7b9c0c272f2d2e6cfe64bf3353"}
{"phase": "quality", "variant": "fp8", "fixture": "1024x576-prompt0-seed42-phase2", "comparison": {"control": true}, "global_rng_unchanged": true, "encoded_and_decoded_tensors_finite": true, "pixel_sha256": "c992c284cbf6a65456788899271a0ca11bb77e06552a417030debbc65ee216ec"}
{"phase": "quality", "variant": "fp8", "fixture": "1024x576-prompt0-seed42-phase4", "comparison": {"control": true}, "global_rng_unchanged": true, "encoded_and_decoded_tensors_finite": true, "pixel_sha256": "ad497ca1ba0ea9cde64e54132cec362387ae097e331d3fdf73ed012cd5b57189"}
{"phase": "quality", "variant": "fp8", "fixture": "1024x576-prompt0-seed123-phase0", "comparison": {"control": true}, "global_rng_unchanged": true, "encoded_and_decoded_tensors_finite": true, "pixel_sha256": "03bd13e368d7b7720ad775322da8749abc752a0820fa336d11de8bee815c7b95"}
{"phase": "quality", "variant": "fp8", "fixture": "1024x576-prompt0-seed123-phase2", "comparison": {"control": true}, "global_rng_unchanged": true, "encoded_and_decoded_tensors_finite": true, "pixel_sha256": "f8ac7da87be731fb7cc20e298face82bf0834b3c4920a96fac335a5cc6dcb8cd"}
{"phase": "quality", "variant": "fp8", "fixture": "1024x576-prompt0-seed123-phase4", "comparison": {"control": true}, "global_rng_unchanged": true, "encoded_and_decoded_tensors_finite": true, "pixel_sha256": "8a0c1eb01dd7acc5daf1e67585bf065098b0d0d2e65d24cd88c5ed926751d585"}
{"phase": "quality", "variant": "fp8", "fixture": "1024x576-prompt1-seed42-phase0", "comparison": {"control": true}, "global_rng_unchanged": true, "encoded_and_decoded_tensors_finite": true, "pixel_sha256": "7b86e2460d1577054047113797a1b3208f8e6a18b493954403c32627432b1582"}
{"phase": "quality", "variant": "fp8", "fixture": "1024x576-prompt1-seed42-phase2", "comparison": {"control": true}, "global_rng_unchanged": true, "encoded_and_decoded_tensors_finite": true, "pixel_sha256": "8592b75ae5daf3ca651c2c8e2878c3cb2596f13bb11fd363d850797089ef0c6f"}
{"phase": "quality", "variant": "fp8", "fixture": "1024x576-prompt1-seed42-phase4", "comparison": {"control": true}, "global_rng_unchanged": true, "encoded_and_decoded_tensors_finite": true, "pixel_sha256": "1405eb8b8cf147d5712c1a8985c2bca62318aaf488bb85bf0bd2cca4e1b3f595"}
{"phase": "quality", "variant": "fp8", "fixture": "1024x576-prompt1-seed123-phase0", "comparison": {"control": true}, "global_rng_unchanged": true, "encoded_and_decoded_tensors_finite": true, "pixel_sha256": "4500c414debf1bb9d327e262e81aef06fa0fa056c0ddda06e665d0c4986a4a1e"}
{"phase": "quality", "variant": "fp8", "fixture": "1024x576-prompt1-seed123-phase2", "comparison": {"control": true}, "global_rng_unchanged": true, "encoded_and_decoded_tensors_finite": true, "pixel_sha256": "4de9b63932fc57eeaf759385454f06339785f5ec3e5b3b7e04ccfd5bf773cb8b"}
{"phase": "quality", "variant": "fp8", "fixture": "1024x576-prompt1-seed123-phase4", "comparison": {"control": true}, "global_rng_unchanged": true, "encoded_and_decoded_tensors_finite": true, "pixel_sha256": "f5fe14bb1841d2fddf60a68a8f6c0a2608d21ade8fa3c7e095f8f136eaa97781"}
{"phase": "quality", "variant": "fp8", "fixture": "1024x576-prompt2-seed42-phase0", "comparison": {"control": true}, "global_rng_unchanged": true, "encoded_and_decoded_tensors_finite": true, "pixel_sha256": "46bb055669eb1993e740436b3be2565d56d14bf7f474513d414e7039b655e54f"}
{"phase": "quality", "variant": "fp8", "fixture": "1024x576-prompt2-seed42-phase2", "comparison": {"control": true}, "global_rng_unchanged": true, "encoded_and_decoded_tensors_finite": true, "pixel_sha256": "db97b4619b47bac8e15f3a3aa3e55c337a078c08c4dd3e97b9abc0c2d202991a"}
{"phase": "quality", "variant": "fp8", "fixture": "1024x576-prompt2-seed42-phase4", "comparison": {"control": true}, "global_rng_unchanged": true, "encoded_and_decoded_tensors_finite": true, "pixel_sha256": "3b91e777eae0f56a976de42638fea864e558e05bc5ba3db941f6432ce01fa3fa"}
{"phase": "quality", "variant": "fp8", "fixture": "1024x576-prompt2-seed123-phase0", "comparison": {"control": true}, "global_rng_unchanged": true, "encoded_and_decoded_tensors_finite": true, "pixel_sha256": "2a37aadfb84142fc8425240f8119ac16daefb0a5775c335d55f651fe82523181"}
{"phase": "quality", "variant": "fp8", "fixture": "1024x576-prompt2-seed123-phase2", "comparison": {"control": true}, "global_rng_unchanged": true, "encoded_and_decoded_tensors_finite": true, "pixel_sha256": "767f12a6bede3aa7932eda6aacf20fb49a1291e079628fa1db53914722399d35"}
{"phase": "quality", "variant": "fp8", "fixture": "1024x576-prompt2-seed123-phase4", "comparison": {"control": true}, "global_rng_unchanged": true, "encoded_and_decoded_tensors_finite": true, "pixel_sha256": "ac4f5650a5dd64379fbcc2ed2220496210e479aab4c5054bd1cf8aeaade2d968"}
{"phase": "temporal", "variant": "fp8", "resolution": [1024, 576], "frames": 12, "directory": "clip-1024x576-fp8"}
/usr/local/lib/python3.12/dist-packages/diffusers/schedulers/scheduling_flow_match_euler_discrete.py:649: RuntimeWarning: divide by zero encountered in divide
  return math.exp(mu) / (math.exp(mu) + (1 / t - 1) ** sigma)
/usr/local/lib/python3.12/dist-packages/diffusers/schedulers/scheduling_flow_match_euler_discrete.py:649: RuntimeWarning: divide by zero encountered in divide
  return math.exp(mu) / (math.exp(mu) + (1 / t - 1) ** sigma)
{"phase": "warmup", "variant": "image_ff_in", "resolution": [1024, 576], "seconds": 82.9023628141731, "memory_scope": "comparison process with retained FP8 and NVFP4 alternatives; not deployment footprint", "memory_allocated_bytes": 12575482368, "memory_reserved_bytes": 14845739008}
USDT:2026-09-18 10:09:47 18244:18244 SyncActivityProfilerHandler.cpp:52] profiler_start
USDT:2026-09-18 10:09:47 18244:18244 SyncActivityProfilerHandler.cpp:59] profiler_stop
{"phase": "compiled-native-proof", "variant": "image_ff_in", "resolution": [1024, 576], "native_gpu_launches": 5, "expected_native_gpu_launches": 5, "cpu_custom_op_events": 0, "cpu_event_note": "May be zero on valid CUDA graph replay", "native_kernel_names": ["kernel_cutlass_kernel_flashinfergemmkernelsdense_blockscaled_gemm_sm120_b12xDenseGemmKernel_object_at__CopyAtom_ThrID10_TVLayoutSrc11638401_TVLayoutDst11638401_Valuetypef4E2M1FN_tensor00o_0"], "trace": "profile-1024x576-image_ff_in.json.gz"}
{"phase": "quality", "variant": "image_ff_in", "fixture": "1024x576-prompt0-seed42-phase0", "comparison": {"pixels_equal": false, "mse": 0.09005963360821759, "psnr_db": 58.585501850881315, "changed_value_fraction": 0.08968946668836805, "max_absolute_error": 4, "jpeg_equal": false}, "global_rng_unchanged": true, "encoded_and_decoded_tensors_finite": true, "pixel_sha256": "2b5728d3f76c32f19de862ab8a619fff955d4e0420aa936fc574be367854c494"}
{"phase": "quality", "variant": "image_ff_in", "fixture": "1024x576-prompt0-seed42-phase2", "comparison": {"pixels_equal": false, "mse": 69.6785651312934, "psnr_db": 29.69981162065458, "changed_value_fraction": 0.15618105287905093, "max_absolute_error": 255, "jpeg_equal": false}, "global_rng_unchanged": true, "encoded_and_decoded_tensors_finite": true, "pixel_sha256": "e680448cc00b681517e42a80ab22457c13b368fcccc79847c10e576a2c2299fc"}
{"phase": "quality", "variant": "image_ff_in", "fixture": "1024x576-prompt0-seed42-phase4", "comparison": {"pixels_equal": false, "mse": 8.880420260959202, "psnr_db": 38.64646841857697, "changed_value_fraction": 0.5585852728949653, "max_absolute_error": 178, "jpeg_equal": false}, "global_rng_unchanged": true, "encoded_and_decoded_tensors_finite": true, "pixel_sha256": "8abfb5dab1a7013c2c33f5b405c0cb30ce95f89fe47e932e17e9d0771b03fd38"}
{"phase": "quality", "variant": "image_ff_in", "fixture": "1024x576-prompt0-seed123-phase0", "comparison": {"pixels_equal": false, "mse": 0.09798516167534722, "psnr_db": 58.21920047322658, "changed_value_fraction": 0.09677858705873843, "max_absolute_error": 5, "jpeg_equal": false}, "global_rng_unchanged": true, "encoded_and_decoded_tensors_finite": true, "pixel_sha256": "24bf2bb5359f7dd1b0f64e62aec04efa96136ae33774f3b8db085948a0b5cfda"}
{"phase": "quality", "variant": "image_ff_in", "fixture": "1024x576-prompt0-seed123-phase2", "comparison": {"pixels_equal": false, "mse": 27.40372269241898, "psnr_db": 33.752707967717534, "changed_value_fraction": 0.18188024450231483, "max_absolute_error": 168, "jpeg_equal": false}, "global_rng_unchanged": true, "encoded_and_decoded_tensors_finite": true, "pixel_sha256": "18c450f1ddb899376281f5f52bc115d4ffd99b51083c3c7730a44c81f7cfb582"}
{"phase": "quality", "variant": "image_ff_in", "fixture": "1024x576-prompt0-seed123-phase4", "comparison": {"pixels_equal": false, "mse": 2.556897198712384, "psnr_db": 44.05367093510108, "changed_value_fraction": 0.42620849609375, "max_absolute_error": 119, "jpeg_equal": false}, "global_rng_unchanged": true, "encoded_and_decoded_tensors_finite": true, "pixel_sha256": "b07e6add49bedcda5401fea950bb29d0d3d703e9527b5200dc41efee0373bd13"}
{"phase": "quality", "variant": "image_ff_in", "fixture": "1024x576-prompt1-seed42-phase0", "comparison": {"pixels_equal": false, "mse": 0.35182246455439814, "psnr_db": 52.66756794306645, "changed_value_fraction": 0.2021263970269097, "max_absolute_error": 22, "jpeg_equal": false}, "global_rng_unchanged": true, "encoded_and_decoded_tensors_finite": true, "pixel_sha256": "f14db92ea05cc4379584355843c47f121b05b61ccda96fa2bfe9cf07a5e7f0da"}
{"phase": "quality", "variant": "image_ff_in", "fixture": "1024x576-prompt1-seed42-phase2", "comparison": {"pixels_equal": false, "mse": 36.99235704210069, "psnr_db": 32.44968356728367, "changed_value_fraction": 0.23711367006655093, "max_absolute_error": 209, "jpeg_equal": false}, "global_rng_unchanged": true, "encoded_and_decoded_tensors_finite": true, "pixel_sha256": "efaff872bc65c2626aa56e70b85ce9b330e55975f4e59002824a505e7984b413"}
{"phase": "quality", "variant": "image_ff_in", "fixture": "1024x576-prompt1-seed42-phase4", "comparison": {"pixels_equal": false, "mse": 9.262786300094039, "psnr_db": 38.46338716222829, "changed_value_fraction": 0.5139097990813078, "max_absolute_error": 106, "jpeg_equal": false}, "global_rng_unchanged": true, "encoded_and_decoded_tensors_finite": true, "pixel_sha256": "3fe3b2b3eaabfb28ff2347cd5b0f2a304b43dc9982c97117d7792a2abead3c26"}
{"phase": "quality", "variant": "image_ff_in", "fixture": "1024x576-prompt1-seed123-phase0", "comparison": {"pixels_equal": false, "mse": 0.2665993019386574, "psnr_db": 53.87221352941555, "changed_value_fraction": 0.22435449670862267, "max_absolute_error": 18, "jpeg_equal": false}, "global_rng_unchanged": true, "encoded_and_decoded_tensors_finite": true, "pixel_sha256": "b711885018f0516b691199fc81fc59675e3ef6753ca8f235a123b7e714f4e1d4"}
{"phase": "quality", "variant": "image_ff_in", "fixture": "1024x576-prompt1-seed123-phase2", "comparison": {"pixels_equal": false, "mse": 16.52573479546441, "psnr_db": 35.94919581937413, "changed_value_fraction": 0.22661449291087962, "max_absolute_error": 154, "jpeg_equal": false}, "global_rng_unchanged": true, "encoded_and_decoded_tensors_finite": true, "pixel_sha256": "9e348cfdfe210b9c260e8506a6e939bd1ea89dbc8838b886708fc73a9f2fe191"}
{"phase": "quality", "variant": "image_ff_in", "fixture": "1024x576-prompt1-seed123-phase4", "comparison": {"pixels_equal": false, "mse": 7.31332849573206, "psnr_db": 39.489652796247555, "changed_value_fraction": 0.5753727665653935, "max_absolute_error": 133, "jpeg_equal": false}, "global_rng_unchanged": true, "encoded_and_decoded_tensors_finite": true, "pixel_sha256": "7418f2a2a74d842d507ddfe950b6809e30be8534d5b9fe496592aa4f4dd4ef98"}
{"phase": "quality", "variant": "image_ff_in", "fixture": "1024x576-prompt2-seed42-phase0", "comparison": {"pixels_equal": false, "mse": 25.737346507884837, "psnr_db": 34.025165912749415, "changed_value_fraction": 0.06172123661747685, "max_absolute_error": 163, "jpeg_equal": false}, "global_rng_unchanged": true, "encoded_and_decoded_tensors_finite": true, "pixel_sha256": "2418971ceee888ad53cc98b675b0d08712038c6f4fd47121aa4d5efd28a89793"}
{"phase": "quality", "variant": "image_ff_in", "fixture": "1024x576-prompt2-seed42-phase2", "comparison": {"pixels_equal": false, "mse": 44.995973375108505, "psnr_db": 31.599067097417866, "changed_value_fraction": 0.2024197048611111, "max_absolute_error": 248, "jpeg_equal": false}, "global_rng_unchanged": true, "encoded_and_decoded_tensors_finite": true, "pixel_sha256": "7a97957a9fc17568461308c15c6e0e5975a315215e333bdca2814af8cec5ee13"}
{"phase": "quality", "variant": "image_ff_in", "fixture": "1024x576-prompt2-seed42-phase4", "comparison": {"pixels_equal": false, "mse": 2.1540617766203702, "psnr_db": 44.79822206538903, "changed_value_fraction": 0.30414609555844907, "max_absolute_error": 89, "jpeg_equal": false}, "global_rng_unchanged": true, "encoded_and_decoded_tensors_finite": true, "pixel_sha256": "0d2f16f141ca6e168e0547140b4a7692aa315387bb0eed91bd52ff00acb140fa"}
{"phase": "quality", "variant": "image_ff_in", "fixture": "1024x576-prompt2-seed123-phase0", "comparison": {"pixels_equal": false, "mse": 8.515096593786168, "psnr_db": 38.82890781979698, "changed_value_fraction": 0.07822955096209491, "max_absolute_error": 124, "jpeg_equal": false}, "global_rng_unchanged": true, "encoded_and_decoded_tensors_finite": true, "pixel_sha256": "60293998ebd8e790a8eb3bace76f408b7dcc8b7bdcf2888dcc64c381eec54a1f"}
{"phase": "quality", "variant": "image_ff_in", "fixture": "1024x576-prompt2-seed123-phase2", "comparison": {"pixels_equal": false, "mse": 38.80705487286603, "psnr_db": 32.241696761540794, "changed_value_fraction": 0.1783458568431713, "max_absolute_error": 227, "jpeg_equal": false}, "global_rng_unchanged": true, "encoded_and_decoded_tensors_finite": true, "pixel_sha256": "49b4212169163800c7b374b0c21b61980e69172e137958bbf70b46d1ac6c2d6d"}
{"phase": "quality", "variant": "image_ff_in", "fixture": "1024x576-prompt2-seed123-phase4", "comparison": {"pixels_equal": false, "mse": 2.7268874556929976, "psnr_db": 43.77413146791379, "changed_value_fraction": 0.21668045609085648, "max_absolute_error": 91, "jpeg_equal": false}, "global_rng_unchanged": true, "encoded_and_decoded_tensors_finite": true, "pixel_sha256": "62ea6267bcc0690cff3aedb1347350e2759e0522e6fadb16ec2017e42b703f89"}
{"phase": "temporal", "variant": "image_ff_in", "resolution": [1024, 576], "frames": 12, "directory": "clip-1024x576-image_ff_in"}
/usr/local/lib/python3.12/dist-packages/diffusers/schedulers/scheduling_flow_match_euler_discrete.py:649: RuntimeWarning: divide by zero encountered in divide
  return math.exp(mu) / (math.exp(mu) + (1 / t - 1) ** sigma)
/usr/local/lib/python3.12/dist-packages/diffusers/schedulers/scheduling_flow_match_euler_discrete.py:649: RuntimeWarning: divide by zero encountered in divide
  return math.exp(mu) / (math.exp(mu) + (1 / t - 1) ** sigma)
{"phase": "warmup", "variant": "image_ff_both", "resolution": [1024, 576], "seconds": 65.51790513517335, "memory_scope": "comparison process with retained FP8 and NVFP4 alternatives; not deployment footprint", "memory_allocated_bytes": 12575483392, "memory_reserved_bytes": 14845739008}
USDT:2026-09-18 10:10:58 18244:18244 SyncActivityProfilerHandler.cpp:52] profiler_start
USDT:2026-09-18 10:10:58 18244:18244 SyncActivityProfilerHandler.cpp:59] profiler_stop
{"phase": "compiled-native-proof", "variant": "image_ff_both", "resolution": [1024, 576], "native_gpu_launches": 10, "expected_native_gpu_launches": 10, "cpu_custom_op_events": 0, "cpu_event_note": "May be zero on valid CUDA graph replay", "native_kernel_names": ["kernel_cutlass_kernel_flashinfergemmkernelsdense_blockscaled_gemm_sm120_b12xDenseGemmKernel_object_at__CopyAtom_ThrID10_TVLayoutSrc11638401_TVLayoutDst11638401_Valuetypef4E2M1FN_tensor00o_0"], "trace": "profile-1024x576-image_ff_both.json.gz"}
{"phase": "quality", "variant": "image_ff_both", "fixture": "1024x576-prompt0-seed42-phase0", "comparison": {"pixels_equal": false, "mse": 0.10330708821614583, "psnr_db": 57.98950240049665, "changed_value_fraction": 0.1012420654296875, "max_absolute_error": 9, "jpeg_equal": false}, "global_rng_unchanged": true, "encoded_and_decoded_tensors_finite": true, "pixel_sha256": "12ef9e68e5798eb2c909053879a58691f5d443e8ebbfe803f0e5d5daab770f78"}
{"phase": "quality", "variant": "image_ff_both", "fixture": "1024x576-prompt0-seed42-phase2", "comparison": {"pixels_equal": false, "mse": 55.60904100206163, "psnr_db": 30.67934955291172, "changed_value_fraction": 0.15867332175925927, "max_absolute_error": 255, "jpeg_equal": false}, "global_rng_unchanged": true, "encoded_and_decoded_tensors_finite": true, "pixel_sha256": "58099cb0d64341bbf1e074f9ecc3b8f44afae0f541d16c2077258b2e42d76cc5"}
{"phase": "quality", "variant": "image_ff_both", "fixture": "1024x576-prompt0-seed42-phase4", "comparison": {"pixels_equal": false, "mse": 9.15920681423611, "psnr_db": 38.51222495400469, "changed_value_fraction": 0.5332223397714121, "max_absolute_error": 164, "jpeg_equal": false}, "global_rng_unchanged": true, "encoded_and_decoded_tensors_finite": true, "pixel_sha256": "c863c4c60c38eda17ca09ec27c9e04be19f1c1ff326c105692af6b59a99e1530"}
{"phase": "quality", "variant": "image_ff_both", "fixture": "1024x576-prompt0-seed123-phase0", "comparison": {"pixels_equal": false, "mse": 0.12881017614293983, "psnr_db": 57.03130186755989, "changed_value_fraction": 0.11372997142650464, "max_absolute_error": 10, "jpeg_equal": false}, "global_rng_unchanged": true, "encoded_and_decoded_tensors_finite": true, "pixel_sha256": "1818941f8ddb66b2035412d2111804578a4a6f632b0b2ee7f42d8ce2276f0666"}
{"phase": "quality", "variant": "image_ff_both", "fixture": "1024x576-prompt0-seed123-phase2", "comparison": {"pixels_equal": false, "mse": 53.9440997088397, "psnr_db": 30.81136411460211, "changed_value_fraction": 0.18892076280381945, "max_absolute_error": 227, "jpeg_equal": false}, "global_rng_unchanged": true, "encoded_and_decoded_tensors_finite": true, "pixel_sha256": "ba9eb48c0908a56df55787df4df8d50cbc786e8f67dd55775fa2c1573652d43d"}
{"phase": "quality", "variant": "image_ff_both", "fixture": "1024x576-prompt0-seed123-phase4", "comparison": {"pixels_equal": false, "mse": 5.6440378824869795, "psnr_db": 40.614904408139765, "changed_value_fraction": 0.5214199490017362, "max_absolute_error": 135, "jpeg_equal": false}, "global_rng_unchanged": true, "encoded_and_decoded_tensors_finite": true, "pixel_sha256": "3c12aac5534d2931be3cab009959921a16c50f913ff489ecb557765ac6119303"}
{"phase": "quality", "variant": "image_ff_both", "fixture": "1024x576-prompt1-seed42-phase0", "comparison": {"pixels_equal": false, "mse": 0.27708378544560186, "psnr_db": 53.70469248645904, "changed_value_fraction": 0.19570018627025462, "max_absolute_error": 29, "jpeg_equal": false}, "global_rng_unchanged": true, "encoded_and_decoded_tensors_finite": true, "pixel_sha256": "49e7ac5cdaf6ef2ce456a195f71ca9506bceca7c831957ad6c2986ecba6cac51"}
{"phase": "quality", "variant": "image_ff_both", "fixture": "1024x576-prompt1-seed42-phase2", "comparison": {"pixels_equal": false, "mse": 56.51667050962095, "psnr_db": 30.6090379194282, "changed_value_fraction": 0.26860950611255785, "max_absolute_error": 210, "jpeg_equal": false}, "global_rng_unchanged": true, "encoded_and_decoded_tensors_finite": true, "pixel_sha256": "fb134b55c63a285d990d0bb9fa3349450515b172bf13b8e51a1f893ad6401b07"}
{"phase": "quality", "variant": "image_ff_both", "fixture": "1024x576-prompt1-seed42-phase4", "comparison": {"pixels_equal": false, "mse": 11.275236906828704, "psnr_db": 37.609546851518346, "changed_value_fraction": 0.46447810420283564, "max_absolute_error": 100, "jpeg_equal": false}, "global_rng_unchanged": true, "encoded_and_decoded_tensors_finite": true, "pixel_sha256": "09907b5b2057886b4847af9935e157f36a4c78b7df035c120b26c39e8d571b29"}
{"phase": "quality", "variant": "image_ff_both", "fixture": "1024x576-prompt1-seed123-phase0", "comparison": {"pixels_equal": false, "mse": 0.5704063132957176, "psnr_db": 50.568960371967535, "changed_value_fraction": 0.2843339708116319, "max_absolute_error": 32, "jpeg_equal": false}, "global_rng_unchanged": true, "encoded_and_decoded_tensors_finite": true, "pixel_sha256": "be596a5a6e582ab8ae86ecbf19f878facdd2cf60dc2217af0ce93998cdab5b1d"}
{"phase": "quality", "variant": "image_ff_both", "fixture": "1024x576-prompt1-seed123-phase2", "comparison": {"pixels_equal": false, "mse": 50.26274956597222, "psnr_db": 31.11834118380807, "changed_value_fraction": 0.31592701099537035, "max_absolute_error": 206, "jpeg_equal": false}, "global_rng_unchanged": true, "encoded_and_decoded_tensors_finite": true, "pixel_sha256": "9d72db1e3c194b20e499b239977380b9587727ecef3a5e14cd0cbedaa2b9f11e"}
{"phase": "quality", "variant": "image_ff_both", "fixture": "1024x576-prompt1-seed123-phase4", "comparison": {"pixels_equal": false, "mse": 16.569484569408274, "psnr_db": 35.93771361932183, "changed_value_fraction": 0.5753462049696181, "max_absolute_error": 148, "jpeg_equal": false}, "global_rng_unchanged": true, "encoded_and_decoded_tensors_finite": true, "pixel_sha256": "9a0d1c4671c0b62ab69beb6813136390c49e5f5a23cbef726ecc2bdc9f839ecf"}
{"phase": "quality", "variant": "image_ff_both", "fixture": "1024x576-prompt2-seed42-phase0", "comparison": {"pixels_equal": false, "mse": 19.606851083260995, "psnr_db": 35.20672510544066, "changed_value_fraction": 0.08554924858940972, "max_absolute_error": 177, "jpeg_equal": false}, "global_rng_unchanged": true, "encoded_and_decoded_tensors_finite": true, "pixel_sha256": "353431a622a97e0bb45f6fa5379b14b7edd92c88edccd2d9dafd1988f02624a6"}
{"phase": "quality", "variant": "image_ff_both", "fixture": "1024x576-prompt2-seed42-phase2", "comparison": {"pixels_equal": false, "mse": 59.45104358814381, "psnr_db": 30.38920878354002, "changed_value_fraction": 0.22028379087094907, "max_absolute_error": 251, "jpeg_equal": false}, "global_rng_unchanged": true, "encoded_and_decoded_tensors_finite": true, "pixel_sha256": "9744ac91703e72d0e05436841a02519f1bf0285eda877a8a104e9d4464bc33be"}
{"phase": "quality", "variant": "image_ff_both", "fixture": "1024x576-prompt2-seed42-phase4", "comparison": {"pixels_equal": false, "mse": 6.5274658203125, "psnr_db": 39.98335754457729, "changed_value_fraction": 0.3911449291087963, "max_absolute_error": 139, "jpeg_equal": false}, "global_rng_unchanged": true, "encoded_and_decoded_tensors_finite": true, "pixel_sha256": "f2f8eafaa1aa0abd7b9acf5092364e4ccefe5141acb5cd504f26865fb27e9b80"}
{"phase": "quality", "variant": "image_ff_both", "fixture": "1024x576-prompt2-seed123-phase0", "comparison": {"pixels_equal": false, "mse": 3.1159261067708335, "psnr_db": 43.19493210905314, "changed_value_fraction": 0.11339653862847222, "max_absolute_error": 111, "jpeg_equal": false}, "global_rng_unchanged": true, "encoded_and_decoded_tensors_finite": true, "pixel_sha256": "b7f9167cca628e1eada18ed671e50349b45bec590b2348155f5c96087bc323ff"}
{"phase": "quality", "variant": "image_ff_both", "fixture": "1024x576-prompt2-seed123-phase2", "comparison": {"pixels_equal": false, "mse": 66.21302173755787, "psnr_db": 29.921369528083467, "changed_value_fraction": 0.20470230667679398, "max_absolute_error": 243, "jpeg_equal": false}, "global_rng_unchanged": true, "encoded_and_decoded_tensors_finite": true, "pixel_sha256": "fc4b2910730316824e917196d05b77ec6fc94f549e590d086bf78b2da92b840f"}
{"phase": "quality", "variant": "image_ff_both", "fixture": "1024x576-prompt2-seed123-phase4", "comparison": {"pixels_equal": false, "mse": 6.004312585901331, "psnr_db": 40.34617067237, "changed_value_fraction": 0.30114463523582174, "max_absolute_error": 177, "jpeg_equal": false}, "global_rng_unchanged": true, "encoded_and_decoded_tensors_finite": true, "pixel_sha256": "393783a9e4acb07124e65bc62ac5ebeb3d7eeafcd1de28761d49473a36596fdc"}
{"phase": "temporal", "variant": "image_ff_both", "resolution": [1024, 576], "frames": 12, "directory": "clip-1024x576-image_ff_both"}
{"phase": "timing", "variant": "fp8", "candidate_pair": "image_ff_in", "pair": 0, "resolution": [1024, 576], "frames": 100, "fps": 13.03294781058231, "wall_elapsed_ms": 7672.861232422292, "median_ms": 76.59580046311021, "p95_ms": 76.89329534769058, "maximum_ms": 81.8377691321075}
{"phase": "timing", "variant": "image_ff_in", "candidate_pair": "image_ff_in", "pair": 0, "resolution": [1024, 576], "frames": 100, "fps": 13.18854004138251, "wall_elapsed_ms": 7582.340402062982, "median_ms": 75.63062198460102, "p95_ms": 76.1239499785006, "maximum_ms": 85.15389123931527}
{"phase": "timing", "variant": "image_ff_in", "candidate_pair": "image_ff_in", "pair": 1, "resolution": [1024, 576], "frames": 100, "fps": 13.206557384710399, "wall_elapsed_ms": 7571.996023412794, "median_ms": 75.7207004353404, "p95_ms": 76.06530480552465, "maximum_ms": 76.30328321829438}
{"phase": "timing", "variant": "fp8", "candidate_pair": "image_ff_in", "pair": 1, "resolution": [1024, 576], "frames": 100, "fps": 13.03113306330219, "wall_elapsed_ms": 7673.929773736745, "median_ms": 76.62479905411601, "p95_ms": 76.88611729536206, "maximum_ms": 88.68289599195123}
{"phase": "timing", "variant": "fp8", "candidate_pair": "image_ff_in", "pair": 2, "resolution": [1024, 576], "frames": 100, "fps": 12.913453359562912, "wall_elapsed_ms": 7743.861941155046, "median_ms": 76.92290609702468, "p95_ms": 79.32034169789402, "maximum_ms": 89.55751219764352}
{"phase": "timing", "variant": "image_ff_in", "candidate_pair": "image_ff_in", "pair": 2, "resolution": [1024, 576], "frames": 100, "fps": 13.150993195835829, "wall_elapsed_ms": 7603.988422080874, "median_ms": 75.96995402127504, "p95_ms": 76.52212879620492, "maximum_ms": 78.9642739109695}
{"phase": "timing", "variant": "fp8", "candidate_pair": "image_ff_both", "pair": 0, "resolution": [1024, 576], "frames": 100, "fps": 13.030551781996841, "wall_elapsed_ms": 7674.272100906819, "median_ms": 76.65154873393476, "p95_ms": 76.97374415583909, "maximum_ms": 83.9739223010838}
{"phase": "timing", "variant": "image_ff_both", "candidate_pair": "image_ff_both", "pair": 0, "resolution": [1024, 576], "frames": 100, "fps": 13.078162883978168, "wall_elapsed_ms": 7646.333883982152, "median_ms": 76.36724319308996, "p95_ms": 76.75374902319163, "maximum_ms": 81.0897508636117}
{"phase": "timing", "variant": "image_ff_both", "candidate_pair": "image_ff_both", "pair": 1, "resolution": [1024, 576], "frames": 100, "fps": 13.102746089981444, "wall_elapsed_ms": 7631.987929344177, "median_ms": 76.33743295446038, "p95_ms": 76.61499865353107, "maximum_ms": 76.65101811289787}
{"phase": "timing", "variant": "fp8", "candidate_pair": "image_ff_both", "pair": 1, "resolution": [1024, 576], "frames": 100, "fps": 13.010389118062335, "wall_elapsed_ms": 7686.165194027126, "median_ms": 76.75550761632621, "p95_ms": 77.32964344322681, "maximum_ms": 83.355697337538}
{"phase": "timing", "variant": "fp8", "candidate_pair": "image_ff_both", "pair": 2, "resolution": [1024, 576], "frames": 100, "fps": 13.031982545770404, "wall_elapsed_ms": 7673.429552931339, "median_ms": 76.73233863897622, "p95_ms": 76.95044656284153, "maximum_ms": 77.16009113937616}
{"phase": "timing", "variant": "image_ff_both", "candidate_pair": "image_ff_both", "pair": 2, "resolution": [1024, 576], "frames": 100, "fps": 13.100729206494503, "wall_elapsed_ms": 7633.162889163941, "median_ms": 76.35346194729209, "p95_ms": 76.55817822087556, "maximum_ms": 77.2242471575737}
{"phase": "control-return", "resolution": [1024, 576], "pixels_equal": true, "jpeg_equal": true}
