W0918 09:49:59.748000 15823 torch/utils/_pytree.py:630] <enum 'KernelPreference'> is an Enum subclass and is now natively supported by torch.compile as an opaque value type. Calling register_constant() on Enum subclasses is deprecated and will be an error in a future release.
{"log": "CPU intra-op threads=128 (previous=128, TORCH_NUM_THREADS=0; 0 preserves native selection)"}
{"log": "torch=2.13.0+cu132 cuda=13.2 device=NVIDIA RTX PRO 6000 Blackwell Server Edition cap=(12, 0)"}
W0918 09:50:02.867000 15823 torch/utils/_pytree.py:630] <enum 'ScaleCalculationMode'> is an Enum subclass and is now natively supported by torch.compile as an opaque value type. Calling register_constant() on Enum subclasses is deprecated and will be an error in a future release.
Unable to import `torchao` Tensor objects. This may affect loading checkpoints serialized with `torchao`
{"status": "phase", "stage": "loading_weights", "repo": "black-forest-labs/FLUX.2-klein-4B", "est_seconds": 140}
{"log": "loading black-forest-labs/FLUX.2-klein-4B..."}
Couldn't connect to the Hub: Cannot reach https://huggingface.co/api/models/black-forest-labs/FLUX.2-klein-4B: offline mode is enabled. To disable it, please unset the `HF_HUB_OFFLINE` environment variable..
Will try to load from local cache.
Loading pipeline components...:   0%|          | 0/5 [00:00<?, ?it/s]Loading pipeline components...:  20%|██        | 1/5 [00:00<00:01,  3.03it/s]Loading pipeline components...:  60%|██████    | 3/5 [00:00<00:00,  3.37it/s]Loading pipeline components...:  80%|████████  | 4/5 [00:01<00:00,  1.85it/s]
Loading weights:   0%|          | 0/398 [00:00<?, ?it/s][A
Loading weights:  10%|█         | 40/398 [00:00<00:00, 399.16it/s][A
Loading weights:  22%|██▏       | 89/398 [00:00<00:00, 442.09it/s][A
Loading weights:  34%|███▎      | 134/398 [00:00<00:00, 434.42it/s][A
Loading weights:  47%|████▋     | 186/398 [00:00<00:00, 448.44it/s][A
Loading weights:  58%|█████▊    | 231/398 [00:00<00:00, 408.73it/s][A
Loading weights:  69%|██████▊   | 273/398 [00:00<00:00, 297.19it/s][A
Loading weights:  77%|███████▋  | 307/398 [00:00<00:00, 299.08it/s][ALoading weights: 100%|██████████| 398/398 [00:00<00:00, 442.90it/s]
Loading pipeline components...: 100%|██████████| 5/5 [00:03<00:00,  1.13it/s]Loading pipeline components...: 100%|██████████| 5/5 [00:03<00:00,  1.43it/s]
/workspace/envs/klein-torch213-cu132/lib/python3.12/site-packages/huggingface_hub/utils/_validators.py:205: UserWarning: The `local_dir_use_symlinks` argument is deprecated and ignored in `hf_hub_download`. Downloading to a local directory does not use symlinks anymore.
  warnings.warn(
{"log": "loaded in 50.9s, vram=15.98GB"}
{"status": "phase", "stage": "loaded", "elapsed_ms": 50916, "vram_gb": 15.98}
{"status": "phase", "stage": "applying_fp8", "est_seconds": 1}
{"log": "applying TorchAO Float8DynamicActivationFloat8WeightConfig (PerTensor) on transformer..."}
{"log": "fp8 applied to transformer in 0.4s, vram=12.30GB"}
{"log": "fp8 applied to VAE linears in 0.0s, vram=12.30GB"}
{"status": "phase", "stage": "registering_compile_stubs", "est_seconds": 1}
{"log": "compiling transformer + vae.encoder + vae.decoder (mode=reduce-overhead)..."}
{"log": "compile stubs registered in 1.7s (actual JIT happens on first call per (height, width, steps) shape; with fp8 expect ~80-160 s extra warmup at the first new resolution)"}
{"log": "terminal_noop=enabled; audited helper, pipeline and scheduler source guards passed"}
{"log": "gpu_output_cast=enabled; measured helper and pinned image-conversion source guards passed"}
{"log": "encoding prompt (len=74 chars, max_seq=64) [cache: 0/32, hits=0 misses=1]"}
{"log": "prompt encoded in 1916ms shape=(1, 64, 7680) [cached 1/32]"}
{"log": "encoding prompt (len=64 chars, max_seq=64) [cache: 1/32, hits=0 misses=2]"}
{"log": "prompt encoded in 26ms shape=(1, 64, 7680) [cached 2/32]"}
{"log": "encoding prompt (len=104 chars, max_seq=64) [cache: 2/32, hits=0 misses=3]"}
{"log": "prompt encoded in 17ms shape=(1, 64, 7680) [cached 3/32]"}
/workspace/envs/klein-torch213-cu132/lib/python3.12/site-packages/torch/_functorch/_aot_autograd/autograd_cache.py:675: UserWarning: Float8Tensor does not implement _stable_hash_for_caching. For PT2-compatible tensor subclasses, it is recommended to implement _stable_hash_for_caching(self) -> str for stable AOT autograd caching.
  warn_once(
/usr/local/lib/python3.12/dist-packages/diffusers/schedulers/scheduling_flow_match_euler_discrete.py:649: RuntimeWarning: divide by zero encountered in divide
  return math.exp(mu) / (math.exp(mu) + (1 / t - 1) ** sigma)
/workspace/envs/klein-torch213-cu132/lib/python3.12/site-packages/torch/_dynamo/variables/functions.py:2590: UserWarning: Dynamo detected a call to a `functools.lru_cache`-wrapped function at 'upsampling.py:156'. Dynamo ignores the cache wrapper and directly traces the wrapped function. Silent incorrectness is only a *potential* risk, not something we have observed. Enable TORCH_LOGS=+dynamo for a DEBUG stack trace.

This call originates from:
  File "/usr/local/lib/python3.12/dist-packages/diffusers/models/upsampling.py", line 156, in forward
    if dtype == torch.bfloat16 and is_torch_version("<", "2.1"):
                                   ^^^^^^^^^^^^^^^^^^^^^^^^^^^^^

  torch._dynamo.utils.warn_once(msg)
/workspace/envs/klein-torch213-cu132/lib/python3.12/site-packages/torch/_dynamo/variables/functions.py:2590: UserWarning: Dynamo detected a call to a `functools.lru_cache`-wrapped function at 'upsampling.py:180'. Dynamo ignores the cache wrapper and directly traces the wrapped function. Silent incorrectness is only a *potential* risk, not something we have observed. Enable TORCH_LOGS=+dynamo for a DEBUG stack trace.

This call originates from:
  File "/usr/local/lib/python3.12/dist-packages/diffusers/models/upsampling.py", line 180, in forward
    if dtype == torch.bfloat16 and is_torch_version("<", "2.1"):
                                   ^^^^^^^^^^^^^^^^^^^^^^^^^^^^^

  torch._dynamo.utils.warn_once(msg)
/usr/local/lib/python3.12/dist-packages/diffusers/schedulers/scheduling_flow_match_euler_discrete.py:649: RuntimeWarning: divide by zero encountered in divide
  return math.exp(mu) / (math.exp(mu) + (1 / t - 1) ** sigma)
/usr/local/lib/python3.12/dist-packages/diffusers/schedulers/scheduling_flow_match_euler_discrete.py:649: RuntimeWarning: divide by zero encountered in divide
  return math.exp(mu) / (math.exp(mu) + (1 / t - 1) ** sigma)
{"phase": "warmup", "variant": "fp8", "resolution": [512, 288], "seconds": 121.67328723333776, "memory_scope": "comparison process with retained FP8 and NVFP4 alternatives; not deployment footprint", "memory_allocated_bytes": 12541916672, "memory_reserved_bytes": 13161725952}
USDT:2026-09-18 09:53:00 15823:15823 SyncActivityProfilerHandler.cpp:52] profiler_start
USDT:2026-09-18 09:53:00 15823:15823 SyncActivityProfilerHandler.cpp:59] profiler_stop
{"phase": "compiled-native-proof", "variant": "fp8", "resolution": [512, 288], "native_gpu_launches": 0, "expected_native_gpu_launches": 0, "cpu_custom_op_events": 0, "cpu_event_note": "May be zero on valid CUDA graph replay", "native_kernel_names": [], "trace": "profile-512x288-fp8.json.gz"}
{"phase": "quality", "variant": "fp8", "fixture": "512x288-prompt0-seed42-phase0", "comparison": {"control": true}, "global_rng_unchanged": true, "encoded_and_decoded_tensors_finite": true, "pixel_sha256": "e0a46541377b9724a480ac667f4edfa071a7f62e61e337de68daa66b6ac63086"}
{"phase": "quality", "variant": "fp8", "fixture": "512x288-prompt0-seed42-phase2", "comparison": {"control": true}, "global_rng_unchanged": true, "encoded_and_decoded_tensors_finite": true, "pixel_sha256": "35b69b3c1d4de0985d897ae4ef46e7743f5ce6123dcba341852411836d3d6780"}
{"phase": "quality", "variant": "fp8", "fixture": "512x288-prompt0-seed42-phase4", "comparison": {"control": true}, "global_rng_unchanged": true, "encoded_and_decoded_tensors_finite": true, "pixel_sha256": "37a20102abbb2a305711ef40f5e99b48fc53021d8258c1c962a153e1791fae30"}
{"phase": "quality", "variant": "fp8", "fixture": "512x288-prompt0-seed123-phase0", "comparison": {"control": true}, "global_rng_unchanged": true, "encoded_and_decoded_tensors_finite": true, "pixel_sha256": "2973964ad6d4925d07114ade1b5d420c46189270933b728ad9a40983940a03a1"}
{"phase": "quality", "variant": "fp8", "fixture": "512x288-prompt0-seed123-phase2", "comparison": {"control": true}, "global_rng_unchanged": true, "encoded_and_decoded_tensors_finite": true, "pixel_sha256": "dc520a9d0d660f2a4c2fb813e9420f0e1d8a3ef402f3a2882e2a8e4748343921"}
{"phase": "quality", "variant": "fp8", "fixture": "512x288-prompt0-seed123-phase4", "comparison": {"control": true}, "global_rng_unchanged": true, "encoded_and_decoded_tensors_finite": true, "pixel_sha256": "43574bdb64cea7c5e7d249cb38a6496a2cb94a713e11ad67940f9cf3c7889fcd"}
{"phase": "quality", "variant": "fp8", "fixture": "512x288-prompt1-seed42-phase0", "comparison": {"control": true}, "global_rng_unchanged": true, "encoded_and_decoded_tensors_finite": true, "pixel_sha256": "155adf3b0f88ecd4ea4d2e0b91c8380c9c54813510812b4dbf7e9fd3ef1c4c57"}
{"phase": "quality", "variant": "fp8", "fixture": "512x288-prompt1-seed42-phase2", "comparison": {"control": true}, "global_rng_unchanged": true, "encoded_and_decoded_tensors_finite": true, "pixel_sha256": "5ac985719e09e209cdb9ca2cb592c75e12dd594b4565326768c10cba2980025d"}
{"phase": "quality", "variant": "fp8", "fixture": "512x288-prompt1-seed42-phase4", "comparison": {"control": true}, "global_rng_unchanged": true, "encoded_and_decoded_tensors_finite": true, "pixel_sha256": "eceeacde6fce42919cadda77f2c5515e142a68c687b9b05b22b6350090544e2a"}
{"phase": "quality", "variant": "fp8", "fixture": "512x288-prompt1-seed123-phase0", "comparison": {"control": true}, "global_rng_unchanged": true, "encoded_and_decoded_tensors_finite": true, "pixel_sha256": "46ec5c9003fb9b3aa30765111d5eb82b9a6d0e0af826f544bfb6e7691d5d2b1c"}
{"phase": "quality", "variant": "fp8", "fixture": "512x288-prompt1-seed123-phase2", "comparison": {"control": true}, "global_rng_unchanged": true, "encoded_and_decoded_tensors_finite": true, "pixel_sha256": "b64d06ce6528c25211daaab9a26f0c740b05387052033c5e84c7718330941195"}
{"phase": "quality", "variant": "fp8", "fixture": "512x288-prompt1-seed123-phase4", "comparison": {"control": true}, "global_rng_unchanged": true, "encoded_and_decoded_tensors_finite": true, "pixel_sha256": "405c9227484e6878e5d5f173bd83eb76b521512d7e2ed9aac1c808d9f202a539"}
{"phase": "quality", "variant": "fp8", "fixture": "512x288-prompt2-seed42-phase0", "comparison": {"control": true}, "global_rng_unchanged": true, "encoded_and_decoded_tensors_finite": true, "pixel_sha256": "cdb5bb935377897c53d867d20e0011aae2ba7f8d236270ffd3c3c1f1a1432743"}
{"phase": "quality", "variant": "fp8", "fixture": "512x288-prompt2-seed42-phase2", "comparison": {"control": true}, "global_rng_unchanged": true, "encoded_and_decoded_tensors_finite": true, "pixel_sha256": "aa22d06124ae823eec0855f58660cafbd79c97fa45fa4dcc0ad99403f90b725e"}
{"phase": "quality", "variant": "fp8", "fixture": "512x288-prompt2-seed42-phase4", "comparison": {"control": true}, "global_rng_unchanged": true, "encoded_and_decoded_tensors_finite": true, "pixel_sha256": "8dd825fe1ce7287240aee38929b4c193bfb5a539a2a24cfefab5c1ce5b8dbb3b"}
{"phase": "quality", "variant": "fp8", "fixture": "512x288-prompt2-seed123-phase0", "comparison": {"control": true}, "global_rng_unchanged": true, "encoded_and_decoded_tensors_finite": true, "pixel_sha256": "5808217fc5af97bcba8acd09373fa5ccd7b34f6f3467fd3f7cbd513fcc456bbe"}
{"phase": "quality", "variant": "fp8", "fixture": "512x288-prompt2-seed123-phase2", "comparison": {"control": true}, "global_rng_unchanged": true, "encoded_and_decoded_tensors_finite": true, "pixel_sha256": "4862f0b41ca5ff7007e7f4d180fcdb51af9af6e11d89514534f86594a5374540"}
{"phase": "quality", "variant": "fp8", "fixture": "512x288-prompt2-seed123-phase4", "comparison": {"control": true}, "global_rng_unchanged": true, "encoded_and_decoded_tensors_finite": true, "pixel_sha256": "983caad4df74dce53efa5932a6301393c5a61847c349a260b9bced7087de6154"}
{"phase": "temporal", "variant": "fp8", "resolution": [512, 288], "frames": 12, "directory": "clip-512x288-fp8"}
Traceback (most recent call last):
  File "/workspace/vj0-n05/bench/n05_model_probe.py", line 309, in <module>
    main()
  File "/workspace/vj0-n05/bench/n05_model_probe.py", line 191, in main
    frame(inputs[2], width, height, 0, 42)
  File "/workspace/vj0-n05/bench/n05_model_probe.py", line 161, in frame
    result = worker.generate(pipe, latents, embeddings[prompt_index], .1, 2, height, width, seed)
             ^^^^^^^^^^^^^^^^^^^^^^^^^^^^^^^^^^^^^^^^^^^^^^^^^^^^^^^^^^^^^^^^^^^^^^^^^^^^^^^^^^^^
  File "/workspace/vj0-n05/inference_server.py", line 321, in generate
    return pipe(
           ^^^^^
  File "/workspace/vj0-n05/bench/terminal_noop.py", line 80, in dispatch
    return call(self, *args, **kwargs)
           ^^^^^^^^^^^^^^^^^^^^^^^^^^^
  File "/workspace/envs/klein-torch213-cu132/lib/python3.12/site-packages/torch/utils/_contextlib.py", line 124, in decorate_context
    return func(*args, **kwargs)
           ^^^^^^^^^^^^^^^^^^^^^
  File "/usr/local/lib/python3.12/dist-packages/diffusers/pipelines/flux2/pipeline_flux2_klein_kv.py:vj0-terminal-noop", line 826, in __call__
  File "/workspace/envs/klein-torch213-cu132/lib/python3.12/site-packages/torch/_dynamo/eval_frame.py", line 511, in __call__
    return super().__call__(*args, **kwargs)
           ^^^^^^^^^^^^^^^^^^^^^^^^^^^^^^^^^
  File "/workspace/envs/klein-torch213-cu132/lib/python3.12/site-packages/torch/nn/modules/module.py", line 1778, in _wrapped_call_impl
    return self._call_impl(*args, **kwargs)
           ^^^^^^^^^^^^^^^^^^^^^^^^^^^^^^^^
  File "/workspace/envs/klein-torch213-cu132/lib/python3.12/site-packages/torch/nn/modules/module.py", line 1789, in _call_impl
    return forward_call(*args, **kwargs)
           ^^^^^^^^^^^^^^^^^^^^^^^^^^^^^
  File "/workspace/envs/klein-torch213-cu132/lib/python3.12/site-packages/torch/_dynamo/eval_frame.py", line 1166, in compile_wrapper
    result = fn(*args, **kwargs)
             ^^^^^^^^^^^^^^^^^^^
  File "/workspace/envs/klein-torch213-cu132/lib/python3.12/site-packages/torch/nn/modules/module.py", line 1778, in _wrapped_call_impl
    return self._call_impl(*args, **kwargs)
           ^^^^^^^^^^^^^^^^^^^^^^^^^^^^^^^^
  File "/workspace/envs/klein-torch213-cu132/lib/python3.12/site-packages/torch/nn/modules/module.py", line 1789, in _call_impl
    return forward_call(*args, **kwargs)
           ^^^^^^^^^^^^^^^^^^^^^^^^^^^^^
  File "/usr/local/lib/python3.12/dist-packages/diffusers/utils/peft_utils.py", line 292, in wrapper
    @functools.wraps(forward_fn)
  File "/workspace/envs/klein-torch213-cu132/lib/python3.12/site-packages/torch/_dynamo/eval_frame.py", line 1446, in _fn
    return fn(*args, **kwargs)
           ^^^^^^^^^^^^^^^^^^^
  File "/workspace/envs/klein-torch213-cu132/lib/python3.12/site-packages/torch/_functorch/aot_autograd.py", line 1277, in forward
    return compiled_fn(full_args)
           ^^^^^^^^^^^^^^^^^^^^^^
  File "/workspace/envs/klein-torch213-cu132/lib/python3.12/site-packages/torch/_functorch/_aot_autograd/runtime_wrappers.py", line 1141, in runtime_wrapper
    result = _codegen_runtime_wrapper(
             ^^^^^^^^^^^^^^^^^^^^^^^^^
  File "/workspace/envs/klein-torch213-cu132/lib/python3.12/site-packages/torch/_functorch/_aot_autograd/subclass_codegen.py:codegen(runtime_wrapper_orchestration)", line 8, in _runtime_wrapper
  File "/workspace/envs/klein-torch213-cu132/lib/python3.12/site-packages/torch/_functorch/_aot_autograd/runtime_wrappers.py", line 2548, in __call__
    return self.compiled_fn(*args, **kwargs)
           ^^^^^^^^^^^^^^^^^^^^^^^^^^^^^^^^^
  File "/workspace/envs/klein-torch213-cu132/lib/python3.12/site-packages/torch/_functorch/_aot_autograd/subclass_codegen.py:codegen(subclass_wrapper)", line 474, in inner_fn
  File "/workspace/envs/klein-torch213-cu132/lib/python3.12/site-packages/torch/_inductor/output_code.py", line 763, in __call__
    return self.current_callable(inputs)
           ^^^^^^^^^^^^^^^^^^^^^^^^^^^^^
  File "/tmp/vj0-n05-inductor/7e/c7e3nc7wdd4edruo4q4v3i74jcgvyivi7iiff7vxc6fqper4guvl.py", line 7405, in call
    (buf1059,) = self.partitions[0](partition0_args)
                 ^^^^^^^^^^^^^^^^^^^^^^^^^^^^^^^^^^^
  File "/workspace/envs/klein-torch213-cu132/lib/python3.12/site-packages/torch/_inductor/compile_fx.py", line 1925, in run
    return compiled_fn(new_inputs)  # type: ignore[arg-type]
           ^^^^^^^^^^^^^^^^^^^^^^^
  File "/workspace/envs/klein-torch213-cu132/lib/python3.12/site-packages/torch/_inductor/cudagraph_trees.py", line 460, in deferred_cudagraphify
    fn, out = cudagraphify(model, inputs, new_static_input_idxs, *args, **kwargs)
              ^^^^^^^^^^^^^^^^^^^^^^^^^^^^^^^^^^^^^^^^^^^^^^^^^^^^^^^^^^^^^^^^^^^
  File "/workspace/envs/klein-torch213-cu132/lib/python3.12/site-packages/torch/_inductor/cudagraph_trees.py", line 520, in cudagraphify
    return manager.add_function(
           ^^^^^^^^^^^^^^^^^^^^^
  File "/workspace/envs/klein-torch213-cu132/lib/python3.12/site-packages/torch/_inductor/cudagraph_trees.py", line 2519, in add_function
    return fn, fn(inputs)
               ^^^^^^^^^^
  File "/workspace/envs/klein-torch213-cu132/lib/python3.12/site-packages/torch/_inductor/cudagraph_trees.py", line 2178, in run
    out = self._run(new_inputs, function_id)
          ^^^^^^^^^^^^^^^^^^^^^^^^^^^^^^^^^^
  File "/workspace/envs/klein-torch213-cu132/lib/python3.12/site-packages/torch/_inductor/cudagraph_trees.py", line 2280, in _run
    return self.run_eager(new_inputs, function_id)
           ^^^^^^^^^^^^^^^^^^^^^^^^^^^^^^^^^^^^^^^
  File "/workspace/envs/klein-torch213-cu132/lib/python3.12/site-packages/torch/_inductor/cudagraph_trees.py", line 2477, in run_eager
    return node.run(new_inputs)
           ^^^^^^^^^^^^^^^^^^^^
  File "/workspace/envs/klein-torch213-cu132/lib/python3.12/site-packages/torch/_inductor/cudagraph_trees.py", line 798, in run
    check_memory_pool(self.device_index, self.cuda_graphs_pool, out_refs)
  File "/workspace/envs/klein-torch213-cu132/lib/python3.12/site-packages/torch/_inductor/cudagraph_trees.py", line 2015, in check_memory_pool
    raise RuntimeError(msg)
RuntimeError: Detected 1 tensor(s) in the cudagraph pool not tracked as outputs. All live allocations must be tracked for correctness.
Debugging:
- Set torch._inductor.config.triton.cudagraph_trees_history_recording = True for allocation origins
- Objgraph backrefs disabled; set torch._inductor.config.triton.cudagraph_trees_objgraph = True (refs_live_tensor_{index}.svg)
- Search gc.get_objects() for tensors with data_ptr() in OrderedSet([128300659769344])
- Use refcycle to find what is preventing cleanup
Allocations:
Data Pointer: 128300659769344, history: 

